Archive member included to satisfy reference by file (symbol)

c:/program files (x86)/stmicroelectronics/stm32cubeide_1.4.0/stm32cubeide/plugins/com.st.stm32cube.ide.mcu.externaltools.gnu-tools-for-stm32.7-2018-q2-update.win32_1.4.0.202007081208/tools/bin/../lib/gcc/arm-none-eabi/7.3.1/../../../../arm-none-eabi/lib/thumb/v7e-m/fpv4-sp/hard\libc_nano.a(lib_a-errno.o)
                              Core/Src/syscalls.o (__errno)
c:/program files (x86)/stmicroelectronics/stm32cubeide_1.4.0/stm32cubeide/plugins/com.st.stm32cube.ide.mcu.externaltools.gnu-tools-for-stm32.7-2018-q2-update.win32_1.4.0.202007081208/tools/bin/../lib/gcc/arm-none-eabi/7.3.1/../../../../arm-none-eabi/lib/thumb/v7e-m/fpv4-sp/hard\libc_nano.a(lib_a-exit.o)
                              c:/program files (x86)/stmicroelectronics/stm32cubeide_1.4.0/stm32cubeide/plugins/com.st.stm32cube.ide.mcu.externaltools.gnu-tools-for-stm32.7-2018-q2-update.win32_1.4.0.202007081208/tools/bin/../lib/gcc/arm-none-eabi/7.3.1/../../../../arm-none-eabi/lib/thumb/v7e-m/fpv4-sp/hard/crt0.o (exit)
c:/program files (x86)/stmicroelectronics/stm32cubeide_1.4.0/stm32cubeide/plugins/com.st.stm32cube.ide.mcu.externaltools.gnu-tools-for-stm32.7-2018-q2-update.win32_1.4.0.202007081208/tools/bin/../lib/gcc/arm-none-eabi/7.3.1/../../../../arm-none-eabi/lib/thumb/v7e-m/fpv4-sp/hard\libc_nano.a(lib_a-impure.o)
                              c:/program files (x86)/stmicroelectronics/stm32cubeide_1.4.0/stm32cubeide/plugins/com.st.stm32cube.ide.mcu.externaltools.gnu-tools-for-stm32.7-2018-q2-update.win32_1.4.0.202007081208/tools/bin/../lib/gcc/arm-none-eabi/7.3.1/../../../../arm-none-eabi/lib/thumb/v7e-m/fpv4-sp/hard\libc_nano.a(lib_a-exit.o) (_global_impure_ptr)
c:/program files (x86)/stmicroelectronics/stm32cubeide_1.4.0/stm32cubeide/plugins/com.st.stm32cube.ide.mcu.externaltools.gnu-tools-for-stm32.7-2018-q2-update.win32_1.4.0.202007081208/tools/bin/../lib/gcc/arm-none-eabi/7.3.1/../../../../arm-none-eabi/lib/thumb/v7e-m/fpv4-sp/hard\libc_nano.a(lib_a-init.o)
                              c:/program files (x86)/stmicroelectronics/stm32cubeide_1.4.0/stm32cubeide/plugins/com.st.stm32cube.ide.mcu.externaltools.gnu-tools-for-stm32.7-2018-q2-update.win32_1.4.0.202007081208/tools/bin/../lib/gcc/arm-none-eabi/7.3.1/../../../../arm-none-eabi/lib/thumb/v7e-m/fpv4-sp/hard/crt0.o (__libc_init_array)
c:/program files (x86)/stmicroelectronics/stm32cubeide_1.4.0/stm32cubeide/plugins/com.st.stm32cube.ide.mcu.externaltools.gnu-tools-for-stm32.7-2018-q2-update.win32_1.4.0.202007081208/tools/bin/../lib/gcc/arm-none-eabi/7.3.1/../../../../arm-none-eabi/lib/thumb/v7e-m/fpv4-sp/hard\libc_nano.a(lib_a-memcmp.o)
                              Core/Src/rbx_decoder.o (memcmp)
c:/program files (x86)/stmicroelectronics/stm32cubeide_1.4.0/stm32cubeide/plugins/com.st.stm32cube.ide.mcu.externaltools.gnu-tools-for-stm32.7-2018-q2-update.win32_1.4.0.202007081208/tools/bin/../lib/gcc/arm-none-eabi/7.3.1/../../../../arm-none-eabi/lib/thumb/v7e-m/fpv4-sp/hard\libc_nano.a(lib_a-memcpy-stub.o)
                              Core/Src/taskCommunication.o (memcpy)
c:/program files (x86)/stmicroelectronics/stm32cubeide_1.4.0/stm32cubeide/plugins/com.st.stm32cube.ide.mcu.externaltools.gnu-tools-for-stm32.7-2018-q2-update.win32_1.4.0.202007081208/tools/bin/../lib/gcc/arm-none-eabi/7.3.1/../../../../arm-none-eabi/lib/thumb/v7e-m/fpv4-sp/hard\libc_nano.a(lib_a-memmove.o)
                              Core/Src/rbx_decoder.o (memmove)
c:/program files (x86)/stmicroelectronics/stm32cubeide_1.4.0/stm32cubeide/plugins/com.st.stm32cube.ide.mcu.externaltools.gnu-tools-for-stm32.7-2018-q2-update.win32_1.4.0.202007081208/tools/bin/../lib/gcc/arm-none-eabi/7.3.1/../../../../arm-none-eabi/lib/thumb/v7e-m/fpv4-sp/hard\libc_nano.a(lib_a-memset.o)
                              c:/program files (x86)/stmicroelectronics/stm32cubeide_1.4.0/stm32cubeide/plugins/com.st.stm32cube.ide.mcu.externaltools.gnu-tools-for-stm32.7-2018-q2-update.win32_1.4.0.202007081208/tools/bin/../lib/gcc/arm-none-eabi/7.3.1/../../../../arm-none-eabi/lib/thumb/v7e-m/fpv4-sp/hard/crt0.o (memset)
c:/program files (x86)/stmicroelectronics/stm32cubeide_1.4.0/stm32cubeide/plugins/com.st.stm32cube.ide.mcu.externaltools.gnu-tools-for-stm32.7-2018-q2-update.win32_1.4.0.202007081208/tools/bin/../lib/gcc/arm-none-eabi/7.3.1/thumb/v7e-m/fpv4-sp/hard\libgcc.a(_aeabi_uldivmod.o)
                              Drivers/STM32F4xx_HAL_Driver/Src/stm32f4xx_hal_rcc.o (__aeabi_uldivmod)
c:/program files (x86)/stmicroelectronics/stm32cubeide_1.4.0/stm32cubeide/plugins/com.st.stm32cube.ide.mcu.externaltools.gnu-tools-for-stm32.7-2018-q2-update.win32_1.4.0.202007081208/tools/bin/../lib/gcc/arm-none-eabi/7.3.1/thumb/v7e-m/fpv4-sp/hard\libgcc.a(_udivmoddi4.o)
[...]
Memory Configuration

Name             Origin             Length             Attributes
RAM              0x0000000020000000 0x0000000000020000 xrw
FLASH            0x0000000008000000 0x0000000000080000 xr
*default*        0x0000000000000000 0xffffffffffffffff

Linker script and memory map

LOAD c:/program files (x86)/stmicroelectronics/stm32cubeide_1.4.0/stm32cubeide/plugins/com.st.stm32cube.ide.mcu.externaltools.gnu-tools-for-stm32.7-2018-q2-update.win32_1.4.0.202007081208/tools/bin/../lib/gcc/arm-none-eabi/7.3.1/thumb/v7e-m/fpv4-sp/hard/crti.o
LOAD c:/program files (x86)/stmicroelectronics/stm32cubeide_1.4.0/stm32cubeide/plugins/com.st.stm32cube.ide.mcu.externaltools.gnu-tools-for-stm32.7-2018-q2-update.win32_1.4.0.202007081208/tools/bin/../lib/gcc/arm-none-eabi/7.3.1/thumb/v7e-m/fpv4-sp/hard/crtbegin.o
LOAD c:/program files (x86)/stmicroelectronics/stm32cubeide_1.4.0/stm32cubeide/plugins/com.st.stm32cube.ide.mcu.externaltools.gnu-tools-for-stm32.7-2018-q2-update.win32_1.4.0.202007081208/tools/bin/../lib/gcc/arm-none-eabi/7.3.1/../../../../arm-none-eabi/lib/thumb/v7e-m/fpv4-sp/hard/crt0.o
LOAD Core/Src/freertos.o
LOAD Core/Src/gpio.o
LOAD Core/Src/main.o
LOAD Core/Src/rbx_decoder.o
LOAD Core/Src/stm32f4xx_hal_msp.o
LOAD Core/Src/stm32f4xx_hal_timebase_tim.o
LOAD Core/Src/stm32f4xx_it.o
LOAD Core/Src/syscalls.o
LOAD Core/Src/sysmem.o
LOAD Core/Src/system_stm32f4xx.o
LOAD Core/Src/taskCommunication.o
LOAD Core/Src/task_bilge_pump.o
LOAD Core/Src/uart_interrupt.o
LOAD Core/Src/usart.o
LOAD Core/Startup/startup_stm32f446retx.o
LOAD Drivers/STM32F4xx_HAL_Driver/Src/stm32f4xx_hal.o
LOAD Drivers/STM32F4xx_HAL_Driver/Src/stm32f4xx_hal_cortex.o
LOAD Drivers/STM32F4xx_HAL_Driver/Src/stm32f4xx_hal_dma.o
LOAD Drivers/STM32F4xx_HAL_Driver/Src/stm32f4xx_hal_dma_ex.o
LOAD Drivers/STM32F4xx_HAL_Driver/Src/stm32f4xx_hal_exti.o
LOAD Drivers/STM32F4xx_HAL_Driver/Src/stm32f4xx_hal_flash.o
LOAD Drivers/STM32F4xx_HAL_Driver/Src/stm32f4xx_hal_flash_ex.o
LOAD Drivers/STM32F4xx_HAL_Driver/Src/stm32f4xx_hal_flash_ramfunc.o
LOAD Drivers/STM32F4xx_HAL_Driver/Src/stm32f4xx_hal_gpio.o
LOAD Drivers/STM32F4xx_HAL_Driver/Src/stm32f4xx_hal_pwr.o
LOAD Drivers/STM32F4xx_HAL_Driver/Src/stm32f4xx_hal_pwr_ex.o
LOAD Drivers/STM32F4xx_HAL_Driver/Src/stm32f4xx_hal_rcc.o
LOAD Drivers/STM32F4xx_HAL_Driver/Src/stm32f4xx_hal_rcc_ex.o
LOAD Drivers/STM32F4xx_HAL_Driver/Src/stm32f4xx_hal_tim.o
LOAD Drivers/STM32F4xx_HAL_Driver/Src/stm32f4xx_hal_tim_ex.o
LOAD Drivers/STM32F4xx_HAL_Driver/Src/stm32f4xx_hal_uart.o
LOAD Middlewares/Third_Party/FreeRTOS/Source/CMSIS_RTOS/cmsis_os.o
LOAD Middlewares/Third_Party/FreeRTOS/Source/croutine.o
LOAD Middlewares/Third_Party/FreeRTOS/Source/event_groups.o
LOAD Middlewares/Third_Party/FreeRTOS/Source/list.o
LOAD Middlewares/Third_Party/FreeRTOS/Source/queue.o
LOAD Middlewares/Third_Party/FreeRTOS/Source/stream_buffer.o
LOAD Middlewares/Third_Party/FreeRTOS/Source/tasks.o
LOAD Middlewares/Third_Party/FreeRTOS/Source/timers.o
LOAD Middlewares/Third_Party/FreeRTOS/Source/portable/GCC/ARM_CM4F/port.o
LOAD Middlewares/Third_Party/FreeRTOS/Source/portable/MemMang/heap_4.o
START GROUP
LOAD c:/program files (x86)/stmicroelectronics/stm32cubeide_1.4.0/stm32cubeide/plugins/com.st.stm32cube.ide.mcu.externaltools.gnu-tools-for-stm32.7-2018-q2-update.win32_1.4.0.202007081208/tools/bin/../lib/gcc/arm-none-eabi/7.3.1/../../../../arm-none-eabi/lib/thumb/v7e-m/fpv4-sp/hard\libc_nano.a
LOAD c:/program files (x86)/stmicroelectronics/stm32cubeide_1.4.0/stm32cubeide/plugins/com.st.stm32cube.ide.mcu.externaltools.gnu-tools-for-stm32.7-2018-q2-update.win32_1.4.0.202007081208/tools/bin/../lib/gcc/arm-none-eabi/7.3.1/../../../../arm-none-eabi/lib/thumb/v7e-m/fpv4-sp/hard\libm.a
END GROUP
START GROUP
LOAD c:/program files (x86)/stmicroelectronics/stm32cubeide_1.4.0/stm32cubeide/plugins/com.st.stm32cube.ide.mcu.externaltools.gnu-tools-for-stm32.7-2018-q2-update.win32_1.4.0.202007081208/tools/bin/../lib/gcc/arm-none-eabi/7.3.1/thumb/v7e-m/fpv4-sp/hard\libgcc.a
LOAD c:/program files (x86)/stmicroelectronics/stm32cubeide_1.4.0/stm32cubeide/plugins/com.st.stm32cube.ide.mcu.externaltools.gnu-tools-for-stm32.7-2018-q2-update.win32_1.4.0.202007081208/tools/bin/../lib/gcc/arm-none-eabi/7.3.1/../../../../arm-none-eabi/lib/thumb/v7e-m/fpv4-sp/hard\libc_nano.a
END GROUP
START GROUP
LOAD c:/program files (x86)/stmicroelectronics/stm32cubeide_1.4.0/stm32cubeide/plugins/com.st.stm32cube.ide.mcu.externaltools.gnu-tools-for-stm32.7-2018-q2-update.win32_1.4.0.202007081208/tools/bin/../lib/gcc/arm-none-eabi/7.3.1/thumb/v7e-m/fpv4-sp/hard\libgcc.a
LOAD c:/program files (x86)/stmicroelectronics/stm32cubeide_1.4.0/stm32cubeide/plugins/com.st.stm32cube.ide.mcu.externaltools.gnu-tools-for-stm32.7-2018-q2-update.win32_1.4.0.202007081208/tools/bin/../lib/gcc/arm-none-eabi/7.3.1/../../../../arm-none-eabi/lib/thumb/v7e-m/fpv4-sp/hard\libc_nano.a
LOAD c:/program files (x86)/stmicroelectronics/stm32cubeide_1.4.0/stm32cubeide/plugins/com.st.stm32cube.ide.mcu.externaltools.gnu-tools-for-stm32.7-2018-q2-update.win32_1.4.0.202007081208/tools/bin/../lib/gcc/arm-none-eabi/7.3.1/../../../../arm-none-eabi/lib/thumb/v7e-m/fpv4-sp/hard\libnosys.a
END GROUP
START GROUP
LOAD c:/program files (x86)/stmicroelectronics/stm32cubeide_1.4.0/stm32cubeide/plugins/com.st.stm32cube.ide.mcu.externaltools.gnu-tools-for-stm32.7-2018-q2-update.win32_1.4.0.202007081208/tools/bin/../lib/gcc/arm-none-eabi/7.3.1/thumb/v7e-m/fpv4-sp/hard\libgcc.a
LOAD c:/program files (x86)/stmicroelectronics/stm32cubeide_1.4.0/stm32cubeide/plugins/com.st.stm32cube.ide.mcu.externaltools.gnu-tools-for-stm32.7-2018-q2-update.win32_1.4.0.202007081208/tools/bin/../lib/gcc/arm-none-eabi/7.3.1/../../../../arm-none-eabi/lib/thumb/v7e-m/fpv4-sp/hard\libc_nano.a
LOAD c:/program files (x86)/stmicroelectronics/stm32cubeide_1.4.0/stm32cubeide/plugins/com.st.stm32cube.ide.mcu.externaltools.gnu-tools-for-stm32.7-2018-q2-update.win32_1.4.0.202007081208/tools/bin/../lib/gcc/arm-none-eabi/7.3.1/../../../../arm-none-eabi/lib/thumb/v7e-m/fpv4-sp/hard\libnosys.a
END GROUP
LOAD c:/program files (x86)/stmicroelectronics/stm32cubeide_1.4.0/stm32cubeide/plugins/com.st.stm32cube.ide.mcu.externaltools.gnu-tools-for-stm32.7-2018-q2-update.win32_1.4.0.202007081208/tools/bin/../lib/gcc/arm-none-eabi/7.3.1/thumb/v7e-m/fpv4-sp/hard/crtend.o
LOAD c:/program files (x86)/stmicroelectronics/stm32cubeide_1.4.0/stm32cubeide/plugins/com.st.stm32cube.ide.mcu.externaltools.gnu-tools-for-stm32.7-2018-q2-update.win32_1.4.0.202007081208/tools/bin/../lib/gcc/arm-none-eabi/7.3.1/thumb/v7e-m/fpv4-sp/hard/crtn.o
                0x0000000020020000                _estack = (ORIGIN (RAM) + LENGTH (RAM))
                0x0000000000000200                _Min_Heap_Size = 0x200
                0x0000000000000400                _Min_Stack_Size = 0x400

.isr_vector     0x0000000008000000      0x1c4
                0x0000000008000000                . = ALIGN (0x4)
 *(.isr_vector)
 .isr_vector    0x0000000008000000      0x1c4 Core/Startup/startup_stm32f446retx.o
                0x0000000008000000                g_pfnVectors
                0x00000000080001c4                . = ALIGN (0x4)

.text           0x00000000080001d0     0x5674
                0x00000000080001d0                . = ALIGN (0x4)
 *(.text)
 .text          0x00000000080001d0       0x40 c:/program files (x86)/stmicroelectronics/stm32cubeide_1.4.0/stm32cubeide/plugins/com.st.stm32cube.ide.mcu.externaltools.gnu-tools-for-stm32.7-2018-q2-update.win32_1.4.0.202007081208/tools/bin/../lib/gcc/arm-none-eabi/7.3.1/thumb/v7e-m/fpv4-sp/hard/crtbegin.o
 .text          0x0000000008000210       0x30 c:/program files (x86)/stmicroelectronics/stm32cubeide_1.4.0/stm32cubeide/plugins/com.st.stm32cube.ide.mcu.externaltools.gnu-tools-for-stm32.7-2018-q2-update.win32_1.4.0.202007081208/tools/bin/../lib/gcc/arm-none-eabi/7.3.1/thumb/v7e-m/fpv4-sp/hard\libgcc.a(_aeabi_uldivmod.o)
                0x0000000008000210                __aeabi_uldivmod
 .text          0x0000000008000240      0x2cc c:/program files (x86)/stmicroelectronics/stm32cubeide_1.4.0/stm32cubeide/plugins/com.st.stm32cube.ide.mcu.externaltools.gnu-tools-for-stm32.7-2018-q2-update.win32_1.4.0.202007081208/tools/bin/../lib/gcc/arm-none-eabi/7.3.1/thumb/v7e-m/fpv4-sp/hard\libgcc.a(_udivmoddi4.o)
                0x0000000008000240                __udivmoddi4
 .text          0x000000000800050c        0x4 c:/program files (x86)/stmicroelectronics/stm32cubeide_1.4.0/stm32cubeide/plugins/com.st.stm32cube.ide.mcu.externaltools.gnu-tools-for-stm32.7-2018-q2-update.win32_1.4.0.202007081208/tools/bin/../lib/gcc/arm-none-eabi/7.3.1/thumb/v7e-m/fpv4-sp/hard\libgcc.a(_dvmd_tls.o)
                0x000000000800050c                __aeabi_idiv0
                0x000000000800050c                __aeabi_ldiv0
 *(.text*)
 .text.vApplicationGetIdleTaskMemory
                0x0000000008000510       0x34 Core/Src/freertos.o
                0x0000000008000510                vApplicationGetIdleTaskMemory
 .text.MX_FREERTOS_Init
                0x0000000008000544       0xb4 Core/Src/freertos.o
                0x0000000008000544                MX_FREERTOS_Init
 .text.StartDefaultTask
                0x00000000080005f8       0x10 Core/Src/freertos.o
                0x00000000080005f8                StartDefaultTask
 .text.MX_GPIO_Init
                0x0000000008000608       0xe4 Core/Src/gpio.o
                0x0000000008000608                MX_GPIO_Init
 .text.main     0x00000000080006ec       0x1e Core/Src/main.o
                0x00000000080006ec                main
 *fill*         0x000000000800070a        0x2 
 .text.SystemClock_Config
                0x000000000800070c       0xdc Core/Src/main.o
                0x000000000800070c                SystemClock_Config
 .text.HAL_TIM_PeriodElapsedCallback
                0x00000000080007e8       0x24 Core/Src/main.o
                0x00000000080007e8                HAL_TIM_PeriodElapsedCallback
 .text.Error_Handler
                0x000000000800080c        0xe Core/Src/main.o
                0x000000000800080c                Error_Handler
 *fill*         0x000000000800081a        0x2 
 .text.decoderText
                0x000000000800081c       0x28 Core/Src/rbx_decoder.o
                0x000000000800081c                decoderText
 .text.crcReset
                0x0000000008000844       0x24 Core/Src/rbx_decoder.o
                0x0000000008000844                crcReset
 .text.crcCompute
                0x0000000008000868       0x38 Core/Src/rbx_decoder.o
                0x0000000008000868                crcCompute
 .text.crcGet   0x00000000080008a0       0x78 Core/Src/rbx_decoder.o
                0x00000000080008a0                crcGet
 .text.crctest  0x0000000008000918       0x3c Core/Src/rbx_decoder.o
                0x0000000008000918                crctest
 .text.decoderPut
                0x0000000008000954      0x204 Core/Src/rbx_decoder.o
                0x0000000008000954                decoderPut
 .text.HAL_MspInit
                0x0000000008000b58       0x58 Core/Src/stm32f4xx_hal_msp.o
                0x0000000008000b58                HAL_MspInit
 .text.HAL_InitTick
                0x0000000008000bb0       0xb4 Core/Src/stm32f4xx_hal_timebase_tim.o
                0x0000000008000bb0                HAL_InitTick
 .text.NMI_Handler
                0x0000000008000c64        0xe Core/Src/stm32f4xx_it.o
                0x0000000008000c64                NMI_Handler
 .text.HardFault_Handler
                0x0000000008000c72        0x6 Core/Src/stm32f4xx_it.o
                0x0000000008000c72                HardFault_Handler
 .text.MemManage_Handler
                0x0000000008000c78        0x6 Core/Src/stm32f4xx_it.o
                0x0000000008000c78                MemManage_Handler
 .text.BusFault_Handler
                0x0000000008000c7e        0x6 Core/Src/stm32f4xx_it.o
                0x0000000008000c7e                BusFault_Handler
 .text.UsageFault_Handler
                0x0000000008000c84        0x6 Core/Src/stm32f4xx_it.o
                0x0000000008000c84                UsageFault_Handler
 .text.DebugMon_Handler
                0x0000000008000c8a        0xe Core/Src/stm32f4xx_it.o
                0x0000000008000c8a                DebugMon_Handler
 .text.USART2_IRQHandler
                0x0000000008000c98        0xc Core/Src/stm32f4xx_it.o
                0x0000000008000c98                USART2_IRQHandler
 .text.TIM6_DAC_IRQHandler
                0x0000000008000ca4       0x14 Core/Src/stm32f4xx_it.o
                0x0000000008000ca4                TIM6_DAC_IRQHandler
 .text.SystemInit
                0x0000000008000cb8       0x2c Core/Src/system_stm32f4xx.o
                0x0000000008000cb8                SystemInit
 .text.uartRxClb
                0x0000000008000ce4       0x58 Core/Src/taskCommunication.o
                0x0000000008000ce4                uartRxClb
 .text.decoderData
                0x0000000008000d3c       0x9c Core/Src/taskCommunication.o
                0x0000000008000d3c                decoderData
 .text.StartTaskCommunication
                0x0000000008000dd8       0x3c Core/Src/taskCommunication.o
                0x0000000008000dd8                StartTaskCommunication
 .text.SBT_Pump_Controll
                0x0000000008000e14       0x18 Core/Src/task_bilge_pump.o
                0x0000000008000e14                SBT_Pump_Controll
 .text.SBT_Bilge_Pump_Current_Analysis
                0x0000000008000e2c       0x7a Core/Src/task_bilge_pump.o
                0x0000000008000e2c                SBT_Bilge_Pump_Current_Analysis
 .text.SBT_System_Failure
                0x0000000008000ea6       0x36 Core/Src/task_bilge_pump.o
                0x0000000008000ea6                SBT_System_Failure
 .text.Start_Task_PumpControl
                0x0000000008000edc      0x1c8 Core/Src/task_bilge_pump.o
                0x0000000008000edc                Start_Task_PumpControl
 .text.uart_interrupt_isr
                0x00000000080010a4       0x48 Core/Src/uart_interrupt.o
                0x00000000080010a4                uart_interrupt_isr
 .text.uart_interrupts_enable
                0x00000000080010ec       0x34 Core/Src/uart_interrupt.o
                0x00000000080010ec                uart_interrupts_enable
 .text.MX_USART2_UART_Init
                0x0000000008001120       0x54 Core/Src/usart.o
                0x0000000008001120                MX_USART2_UART_Init
 .text.HAL_UART_MspInit
                0x0000000008001174       0xa0 Core/Src/usart.o
                0x0000000008001174                HAL_UART_MspInit
 .text.Reset_Handler
                0x0000000008001214       0x50 Core/Startup/startup_stm32f446retx.o
                0x0000000008001214                Reset_Handler
 .text.Default_Handler
                0x0000000008001264        0x2 Core/Startup/startup_stm32f446retx.o
                0x0000000008001264                RTC_Alarm_IRQHandler
                0x0000000008001264                EXTI2_IRQHandler
                0x0000000008001264                TIM8_CC_IRQHandler
                0x0000000008001264                FMPI2C1_EV_IRQHandler
                0x0000000008001264                SPI4_IRQHandler
                0x0000000008001264                TIM1_CC_IRQHandler
                0x0000000008001264                DMA2_Stream5_IRQHandler
                0x0000000008001264                DMA1_Stream5_IRQHandler
                0x0000000008001264                PVD_IRQHandler
                0x0000000008001264                SDIO_IRQHandler
                0x0000000008001264                TAMP_STAMP_IRQHandler
                0x0000000008001264                CAN2_RX1_IRQHandler
                0x0000000008001264                EXTI3_IRQHandler
                0x0000000008001264                TIM8_TRG_COM_TIM14_IRQHandler
                0x0000000008001264                TIM1_UP_TIM10_IRQHandler
                0x0000000008001264                TIM8_UP_TIM13_IRQHandler
                0x0000000008001264                I2C3_ER_IRQHandler
                0x0000000008001264                EXTI0_IRQHandler
                0x0000000008001264                I2C2_EV_IRQHandler
                0x0000000008001264                DMA1_Stream2_IRQHandler
                0x0000000008001264                CAN1_RX0_IRQHandler
                0x0000000008001264                FPU_IRQHandler
                0x0000000008001264                OTG_HS_WKUP_IRQHandler
                0x0000000008001264                CAN2_SCE_IRQHandler
                0x0000000008001264                DMA2_Stream2_IRQHandler
                0x0000000008001264                SPI1_IRQHandler
                0x0000000008001264                TIM1_BRK_TIM9_IRQHandler
                0x0000000008001264                DCMI_IRQHandler
                0x0000000008001264                CAN2_RX0_IRQHandler
                0x0000000008001264                DMA2_Stream3_IRQHandler
                0x0000000008001264                SAI2_IRQHandler
                0x0000000008001264                USART6_IRQHandler
                0x0000000008001264                USART3_IRQHandler
                0x0000000008001264                CAN1_RX1_IRQHandler
                0x0000000008001264                UART5_IRQHandler
                0x0000000008001264                DMA2_Stream0_IRQHandler
                0x0000000008001264                TIM4_IRQHandler
                0x0000000008001264                QUADSPI_IRQHandler
                0x0000000008001264                I2C1_EV_IRQHandler
                0x0000000008001264                DMA1_Stream6_IRQHandler
                0x0000000008001264                DMA1_Stream1_IRQHandler
                0x0000000008001264                UART4_IRQHandler
                0x0000000008001264                TIM3_IRQHandler
                0x0000000008001264                RCC_IRQHandler
                0x0000000008001264                TIM8_BRK_TIM12_IRQHandler
                0x0000000008001264                Default_Handler
                0x0000000008001264                CEC_IRQHandler
                0x0000000008001264                EXTI15_10_IRQHandler
                0x0000000008001264                ADC_IRQHandler
                0x0000000008001264                DMA1_Stream7_IRQHandler
                0x0000000008001264                TIM7_IRQHandler
                0x0000000008001264                CAN2_TX_IRQHandler
                0x0000000008001264                TIM5_IRQHandler
                0x0000000008001264                DMA2_Stream7_IRQHandler
                0x0000000008001264                I2C3_EV_IRQHandler
                0x0000000008001264                EXTI9_5_IRQHandler
                0x0000000008001264                RTC_WKUP_IRQHandler
                0x0000000008001264                SPDIF_RX_IRQHandler
                0x0000000008001264                SPI2_IRQHandler
                0x0000000008001264                OTG_HS_EP1_IN_IRQHandler
                0x0000000008001264                DMA1_Stream0_IRQHandler
                0x0000000008001264                CAN1_TX_IRQHandler
                0x0000000008001264                FMPI2C1_ER_IRQHandler
                0x0000000008001264                EXTI4_IRQHandler
                0x0000000008001264                OTG_HS_EP1_OUT_IRQHandler
                0x0000000008001264                WWDG_IRQHandler
                0x0000000008001264                TIM2_IRQHandler
                0x0000000008001264                OTG_FS_WKUP_IRQHandler
                0x0000000008001264                TIM1_TRG_COM_TIM11_IRQHandler
                0x0000000008001264                OTG_HS_IRQHandler
                0x0000000008001264                EXTI1_IRQHandler
                0x0000000008001264                I2C2_ER_IRQHandler
                0x0000000008001264                DMA2_Stream1_IRQHandler
                0x0000000008001264                CAN1_SCE_IRQHandler
                0x0000000008001264                FLASH_IRQHandler
                0x0000000008001264                DMA2_Stream4_IRQHandler
                0x0000000008001264                USART1_IRQHandler
                0x0000000008001264                OTG_FS_IRQHandler
                0x0000000008001264                SPI3_IRQHandler
                0x0000000008001264                DMA1_Stream4_IRQHandler
                0x0000000008001264                I2C1_ER_IRQHandler
                0x0000000008001264                FMC_IRQHandler
                0x0000000008001264                DMA2_Stream6_IRQHandler
                0x0000000008001264                SAI1_IRQHandler
                0x0000000008001264                DMA1_Stream3_IRQHandler
 *fill*         0x0000000008001266        0x2 
 .text.HAL_Init
                0x0000000008001268       0x44 Drivers/STM32F4xx_HAL_Driver/Src/stm32f4xx_hal.o
                0x0000000008001268                HAL_Init
 .text.HAL_IncTick
                0x00000000080012ac       0x28 Drivers/STM32F4xx_HAL_Driver/Src/stm32f4xx_hal.o
                0x00000000080012ac                HAL_IncTick
 .text.HAL_GetTick
                0x00000000080012d4       0x18 Drivers/STM32F4xx_HAL_Driver/Src/stm32f4xx_hal.o
                0x00000000080012d4                HAL_GetTick
 .text.__NVIC_SetPriorityGrouping
                0x00000000080012ec       0x48 Drivers/STM32F4xx_HAL_Driver/Src/stm32f4xx_hal_cortex.o
 .text.__NVIC_GetPriorityGrouping
                0x0000000008001334       0x1c Drivers/STM32F4xx_HAL_Driver/Src/stm32f4xx_hal_cortex.o
 .text.__NVIC_EnableIRQ
                0x0000000008001350       0x3c Drivers/STM32F4xx_HAL_Driver/Src/stm32f4xx_hal_cortex.o
 .text.__NVIC_SetPriority
                0x000000000800138c       0x54 Drivers/STM32F4xx_HAL_Driver/Src/stm32f4xx_hal_cortex.o
 .text.NVIC_EncodePriority
                0x00000000080013e0       0x66 Drivers/STM32F4xx_HAL_Driver/Src/stm32f4xx_hal_cortex.o
 .text.HAL_NVIC_SetPriorityGrouping
                0x0000000008001446       0x16 Drivers/STM32F4xx_HAL_Driver/Src/stm32f4xx_hal_cortex.o
                0x0000000008001446                HAL_NVIC_SetPriorityGrouping
 .text.HAL_NVIC_SetPriority
                0x000000000800145c       0x38 Drivers/STM32F4xx_HAL_Driver/Src/stm32f4xx_hal_cortex.o
                0x000000000800145c                HAL_NVIC_SetPriority
 .text.HAL_NVIC_EnableIRQ
                0x0000000008001494       0x1c Drivers/STM32F4xx_HAL_Driver/Src/stm32f4xx_hal_cortex.o
                0x0000000008001494                HAL_NVIC_EnableIRQ
 .text.HAL_GPIO_Init
                0x00000000080014b0      0x324 Drivers/STM32F4xx_HAL_Driver/Src/stm32f4xx_hal_gpio.o
                0x00000000080014b0                HAL_GPIO_Init
 .text.HAL_GPIO_WritePin
                0x00000000080017d4       0x32 Drivers/STM32F4xx_HAL_Driver/Src/stm32f4xx_hal_gpio.o
                0x00000000080017d4                HAL_GPIO_WritePin
 *fill*         0x0000000008001806        0x2 
 .text.HAL_RCC_ClockConfig
                0x0000000008001808      0x1cc Drivers/STM32F4xx_HAL_Driver/Src/stm32f4xx_hal_rcc.o
                0x0000000008001808                HAL_RCC_ClockConfig
 .text.HAL_RCC_GetHCLKFreq
                0x00000000080019d4       0x18 Drivers/STM32F4xx_HAL_Driver/Src/stm32f4xx_hal_rcc.o
                0x00000000080019d4                HAL_RCC_GetHCLKFreq
 .text.HAL_RCC_GetPCLK1Freq
                0x00000000080019ec       0x28 Drivers/STM32F4xx_HAL_Driver/Src/stm32f4xx_hal_rcc.o
                0x00000000080019ec                HAL_RCC_GetPCLK1Freq
 .text.HAL_RCC_GetPCLK2Freq
                0x0000000008001a14       0x28 Drivers/STM32F4xx_HAL_Driver/Src/stm32f4xx_hal_rcc.o
                0x0000000008001a14                HAL_RCC_GetPCLK2Freq
 .text.HAL_RCC_GetClockConfig
                0x0000000008001a3c       0x64 Drivers/STM32F4xx_HAL_Driver/Src/stm32f4xx_hal_rcc.o
                0x0000000008001a3c                HAL_RCC_GetClockConfig
 .text.HAL_RCC_GetSysClockFreq
                0x0000000008001aa0      0x340 Drivers/STM32F4xx_HAL_Driver/Src/stm32f4xx_hal_rcc_ex.o
                0x0000000008001aa0                HAL_RCC_GetSysClockFreq
 .text.HAL_RCC_OscConfig
                0x0000000008001de0      0x4b4 Drivers/STM32F4xx_HAL_Driver/Src/stm32f4xx_hal_rcc_ex.o
                0x0000000008001de0                HAL_RCC_OscConfig
 .text.HAL_TIM_Base_Init
                0x0000000008002294       0x56 Drivers/STM32F4xx_HAL_Driver/Src/stm32f4xx_hal_tim.o
                0x0000000008002294                HAL_TIM_Base_Init
 .text.HAL_TIM_Base_MspInit
                0x00000000080022ea       0x14 Drivers/STM32F4xx_HAL_Driver/Src/stm32f4xx_hal_tim.o
                0x00000000080022ea                HAL_TIM_Base_MspInit
 .text.HAL_TIM_Base_Start_IT
                0x00000000080022fe       0x48 Drivers/STM32F4xx_HAL_Driver/Src/stm32f4xx_hal_tim.o
                0x00000000080022fe                HAL_TIM_Base_Start_IT
 .text.HAL_TIM_IRQHandler
                0x0000000008002346      0x210 Drivers/STM32F4xx_HAL_Driver/Src/stm32f4xx_hal_tim.o
                0x0000000008002346                HAL_TIM_IRQHandler
 .text.HAL_TIM_OC_DelayElapsedCallback
                0x0000000008002556       0x14 Drivers/STM32F4xx_HAL_Driver/Src/stm32f4xx_hal_tim.o
                0x0000000008002556                HAL_TIM_OC_DelayElapsedCallback
 .text.HAL_TIM_IC_CaptureCallback
                0x000000000800256a       0x14 Drivers/STM32F4xx_HAL_Driver/Src/stm32f4xx_hal_tim.o
                0x000000000800256a                HAL_TIM_IC_CaptureCallback
 .text.HAL_TIM_PWM_PulseFinishedCallback
                0x000000000800257e       0x14 Drivers/STM32F4xx_HAL_Driver/Src/stm32f4xx_hal_tim.o
                0x000000000800257e                HAL_TIM_PWM_PulseFinishedCallback
 .text.HAL_TIM_TriggerCallback
                0x0000000008002592       0x14 Drivers/STM32F4xx_HAL_Driver/Src/stm32f4xx_hal_tim.o
                0x0000000008002592                HAL_TIM_TriggerCallback
 *fill*         0x00000000080025a6        0x2 
 .text.TIM_Base_SetConfig
                0x00000000080025a8      0x140 Drivers/STM32F4xx_HAL_Driver/Src/stm32f4xx_hal_tim.o
                0x00000000080025a8                TIM_Base_SetConfig
 .text.HAL_TIMEx_CommutCallback
                0x00000000080026e8       0x14 Drivers/STM32F4xx_HAL_Driver/Src/stm32f4xx_hal_tim_ex.o
                0x00000000080026e8                HAL_TIMEx_CommutCallback
 .text.HAL_TIMEx_BreakCallback
                0x00000000080026fc       0x14 Drivers/STM32F4xx_HAL_Driver/Src/stm32f4xx_hal_tim_ex.o
                0x00000000080026fc                HAL_TIMEx_BreakCallback
 .text.HAL_UART_Init
                0x0000000008002710       0x9a Drivers/STM32F4xx_HAL_Driver/Src/stm32f4xx_hal_uart.o
                0x0000000008002710                HAL_UART_Init
 *fill*         0x00000000080027aa        0x2 
 .text.UART_SetConfig
                0x00000000080027ac      0x6f8 Drivers/STM32F4xx_HAL_Driver/Src/stm32f4xx_hal_uart.o
 .text.makeFreeRtosPriority
                0x0000000008002ea4       0x30 Middlewares/Third_Party/FreeRTOS/Source/CMSIS_RTOS/cmsis_os.o
 .text.inHandlerMode
                0x0000000008002ed4       0x24 Middlewares/Third_Party/FreeRTOS/Source/CMSIS_RTOS/cmsis_os.o
 .text.osKernelStart
                0x0000000008002ef8        0xe Middlewares/Third_Party/FreeRTOS/Source/CMSIS_RTOS/cmsis_os.o
                0x0000000008002ef8                osKernelStart
 .text.osKernelSysTick
                0x0000000008002f06       0x20 Middlewares/Third_Party/FreeRTOS/Source/CMSIS_RTOS/cmsis_os.o
                0x0000000008002f06                osKernelSysTick
 .text.osThreadCreate
                0x0000000008002f26       0x98 Middlewares/Third_Party/FreeRTOS/Source/CMSIS_RTOS/cmsis_os.o
                0x0000000008002f26                osThreadCreate
 .text.osDelay  0x0000000008002fbe       0x28 Middlewares/Third_Party/FreeRTOS/Source/CMSIS_RTOS/cmsis_os.o
                0x0000000008002fbe                osDelay
 .text.osSemaphoreCreate
                0x0000000008002fe6       0x80 Middlewares/Third_Party/FreeRTOS/Source/CMSIS_RTOS/cmsis_os.o
                0x0000000008002fe6                osSemaphoreCreate
 .text.osPoolCreate
                0x0000000008003066       0xba Middlewares/Third_Party/FreeRTOS/Source/CMSIS_RTOS/cmsis_os.o
                0x0000000008003066                osPoolCreate
 .text.osPoolAlloc
                0x0000000008003120       0xc4 Middlewares/Third_Party/FreeRTOS/Source/CMSIS_RTOS/cmsis_os.o
                0x0000000008003120                osPoolAlloc
 .text.osPoolFree
                0x00000000080031e4       0x82 Middlewares/Third_Party/FreeRTOS/Source/CMSIS_RTOS/cmsis_os.o
                0x00000000080031e4                osPoolFree
 .text.osMailCreate
                0x0000000008003266       0xb0 Middlewares/Third_Party/FreeRTOS/Source/CMSIS_RTOS/cmsis_os.o
                0x0000000008003266                osMailCreate
 .text.osMailAlloc
                0x0000000008003316       0x2a Middlewares/Third_Party/FreeRTOS/Source/CMSIS_RTOS/cmsis_os.o
                0x0000000008003316                osMailAlloc
 .text.osMailPut
                0x0000000008003340       0x7c Middlewares/Third_Party/FreeRTOS/Source/CMSIS_RTOS/cmsis_os.o
                0x0000000008003340                osMailPut
 .text.osMailGet
                0x00000000080033bc       0xe8 Middlewares/Third_Party/FreeRTOS/Source/CMSIS_RTOS/cmsis_os.o
                0x00000000080033bc                osMailGet
 .text.osMailFree
                0x00000000080034a4       0x2a Middlewares/Third_Party/FreeRTOS/Source/CMSIS_RTOS/cmsis_os.o
                0x00000000080034a4                osMailFree
 .text.osDelayUntil
                0x00000000080034ce       0x18 Middlewares/Third_Party/FreeRTOS/Source/CMSIS_RTOS/cmsis_os.o
                0x00000000080034ce                osDelayUntil
 .text.vListInitialise
                0x00000000080034e6       0x40 Middlewares/Third_Party/FreeRTOS/Source/list.o
                0x00000000080034e6                vListInitialise
 .text.vListInitialiseItem
                0x0000000008003526       0x1a Middlewares/Third_Party/FreeRTOS/Source/list.o
                0x0000000008003526                vListInitialiseItem
 .text.vListInsertEnd
                0x0000000008003540       0x48 Middlewares/Third_Party/FreeRTOS/Source/list.o
                0x0000000008003540                vListInsertEnd
 .text.vListInsert
                0x0000000008003588       0x72 Middlewares/Third_Party/FreeRTOS/Source/list.o
                0x0000000008003588                vListInsert
 .text.uxListRemove
                0x00000000080035fa       0x54 Middlewares/Third_Party/FreeRTOS/Source/list.o
                0x00000000080035fa                uxListRemove
 *fill*         0x000000000800364e        0x2 
 .text.xQueueGenericReset
                0x0000000008003650       0xd0 Middlewares/Third_Party/FreeRTOS/Source/queue.o
                0x0000000008003650                xQueueGenericReset
 .text.xQueueGenericCreateStatic
                0x0000000008003720       0xe6 Middlewares/Third_Party/FreeRTOS/Source/queue.o
                0x0000000008003720                xQueueGenericCreateStatic
 .text.xQueueGenericCreate
                0x0000000008003806       0x7e Middlewares/Third_Party/FreeRTOS/Source/queue.o
                0x0000000008003806                xQueueGenericCreate
 .text.prvInitialiseNewQueue
                0x0000000008003884       0x3e Middlewares/Third_Party/FreeRTOS/Source/queue.o
 .text.xQueueCreateCountingSemaphoreStatic
                0x00000000080038c2       0x6a Middlewares/Third_Party/FreeRTOS/Source/queue.o
                0x00000000080038c2                xQueueCreateCountingSemaphoreStatic
 .text.xQueueCreateCountingSemaphore
                0x000000000800392c       0x62 Middlewares/Third_Party/FreeRTOS/Source/queue.o
                0x000000000800392c                xQueueCreateCountingSemaphore
 *fill*         0x000000000800398e        0x2 
 .text.xQueueGenericSend
                0x0000000008003990      0x1f4 Middlewares/Third_Party/FreeRTOS/Source/queue.o
                0x0000000008003990                xQueueGenericSend
 .text.xQueueGenericSendFromISR
                0x0000000008003b84      0x128 Middlewares/Third_Party/FreeRTOS/Source/queue.o
                0x0000000008003b84                xQueueGenericSendFromISR
 .text.xQueueReceive
                0x0000000008003cac      0x1b8 Middlewares/Third_Party/FreeRTOS/Source/queue.o
                0x0000000008003cac                xQueueReceive
 .text.xQueueReceiveFromISR
                0x0000000008003e64       0xfa Middlewares/Third_Party/FreeRTOS/Source/queue.o
                0x0000000008003e64                xQueueReceiveFromISR
 .text.prvCopyDataToQueue
                0x0000000008003f5e       0xd4 Middlewares/Third_Party/FreeRTOS/Source/queue.o
 .text.prvCopyDataFromQueue
                0x0000000008004032       0x4c Middlewares/Third_Party/FreeRTOS/Source/queue.o
 .text.prvUnlockQueue
                0x000000000800407e       0xa4 Middlewares/Third_Party/FreeRTOS/Source/queue.o
 .text.prvIsQueueEmpty
                0x0000000008004122       0x2c Middlewares/Third_Party/FreeRTOS/Source/queue.o
 .text.prvIsQueueFull
                0x000000000800414e       0x30 Middlewares/Third_Party/FreeRTOS/Source/queue.o
 .text.xTaskCreateStatic
                0x000000000800417e       0xb4 Middlewares/Third_Party/FreeRTOS/Source/tasks.o
                0x000000000800417e                xTaskCreateStatic
 .text.xTaskCreate
                0x0000000008004232       0x8a Middlewares/Third_Party/FreeRTOS/Source/tasks.o
                0x0000000008004232                xTaskCreate
 .text.prvInitialiseNewTask
                0x00000000080042bc      0x10c Middlewares/Third_Party/FreeRTOS/Source/tasks.o
 .text.prvAddNewTaskToReadyList
                0x00000000080043c8       0xd4 Middlewares/Third_Party/FreeRTOS/Source/tasks.o
 .text.vTaskDelay
                0x000000000800449c       0x68 Middlewares/Third_Party/FreeRTOS/Source/tasks.o
                0x000000000800449c                vTaskDelay
 .text.vTaskStartScheduler
                0x0000000008004504       0xbc Middlewares/Third_Party/FreeRTOS/Source/tasks.o
                0x0000000008004504                vTaskStartScheduler
 .text.vTaskSuspendAll
                0x00000000080045c0       0x1c Middlewares/Third_Party/FreeRTOS/Source/tasks.o
                0x00000000080045c0                vTaskSuspendAll
 .text.xTaskResumeAll
                0x00000000080045dc      0x138 Middlewares/Third_Party/FreeRTOS/Source/tasks.o
                0x00000000080045dc                xTaskResumeAll
 .text.xTaskGetTickCount
                0x0000000008004714       0x20 Middlewares/Third_Party/FreeRTOS/Source/tasks.o
                0x0000000008004714                xTaskGetTickCount
 .text.xTaskGetTickCountFromISR
                0x0000000008004734       0x24 Middlewares/Third_Party/FreeRTOS/Source/tasks.o
                0x0000000008004734                xTaskGetTickCountFromISR
 .text.xTaskIncrementTick
                0x0000000008004758      0x170 Middlewares/Third_Party/FreeRTOS/Source/tasks.o
                0x0000000008004758                xTaskIncrementTick
 .text.vTaskSwitchContext
                0x00000000080048c8       0xb4 Middlewares/Third_Party/FreeRTOS/Source/tasks.o
                0x00000000080048c8                vTaskSwitchContext
 .text.vTaskPlaceOnEventList
                0x000000000800497c       0x48 Middlewares/Third_Party/FreeRTOS/Source/tasks.o
                0x000000000800497c                vTaskPlaceOnEventList
 .text.xTaskRemoveFromEventList
                0x00000000080049c4       0xc4 Middlewares/Third_Party/FreeRTOS/Source/tasks.o
                0x00000000080049c4                xTaskRemoveFromEventList
 .text.vTaskInternalSetTimeOutState
                0x0000000008004a88       0x2c Middlewares/Third_Party/FreeRTOS/Source/tasks.o
                0x0000000008004a88                vTaskInternalSetTimeOutState
 .text.xTaskCheckForTimeOut
                0x0000000008004ab4       0xc0 Middlewares/Third_Party/FreeRTOS/Source/tasks.o
                0x0000000008004ab4                xTaskCheckForTimeOut
 .text.vTaskMissedYield
                0x0000000008004b74       0x18 Middlewares/Third_Party/FreeRTOS/Source/tasks.o
                0x0000000008004b74                vTaskMissedYield
 .text.prvIdleTask
                0x0000000008004b8c       0x30 Middlewares/Third_Party/FreeRTOS/Source/tasks.o
 .text.prvInitialiseTaskLists
                0x0000000008004bbc       0x80 Middlewares/Third_Party/FreeRTOS/Source/tasks.o
 .text.prvCheckTasksWaitingTermination
                0x0000000008004c3c       0x58 Middlewares/Third_Party/FreeRTOS/Source/tasks.o
 .text.prvDeleteTCB
                0x0000000008004c94       0x5c Middlewares/Third_Party/FreeRTOS/Source/tasks.o
 .text.prvResetNextTaskUnblockTime
                0x0000000008004cf0       0x40 Middlewares/Third_Party/FreeRTOS/Source/tasks.o
 .text.xTaskGetSchedulerState
                0x0000000008004d30       0x3c Middlewares/Third_Party/FreeRTOS/Source/tasks.o
                0x0000000008004d30                xTaskGetSchedulerState
 .text.xTaskPriorityDisinherit
                0x0000000008004d6c      0x108 Middlewares/Third_Party/FreeRTOS/Source/tasks.o
                0x0000000008004d6c                xTaskPriorityDisinherit
 .text.prvAddCurrentTaskToDelayedList
                0x0000000008004e74       0xcc Middlewares/Third_Party/FreeRTOS/Source/tasks.o
 .text.pxPortInitialiseStack
                0x0000000008004f40       0x68 Middlewares/Third_Party/FreeRTOS/Source/portable/GCC/ARM_CM4F/port.o
                0x0000000008004f40                pxPortInitialiseStack
 .text.prvTaskExitError
                0x0000000008004fa8       0x54 Middlewares/Third_Party/FreeRTOS/Source/portable/GCC/ARM_CM4F/port.o
 *fill*         0x0000000008004ffc        0x4 
 .text.SVC_Handler
                0x0000000008005000       0x28 Middlewares/Third_Party/FreeRTOS/Source/portable/GCC/ARM_CM4F/port.o
                0x0000000008005000                SVC_Handler
 .text.prvPortStartFirstTask
                0x0000000008005028       0x28 Middlewares/Third_Party/FreeRTOS/Source/portable/GCC/ARM_CM4F/port.o
 .text.xPortStartScheduler
                0x0000000008005050      0x13c Middlewares/Third_Party/FreeRTOS/Source/portable/GCC/ARM_CM4F/port.o
                0x0000000008005050                xPortStartScheduler
 .text.vPortEnterCritical
                0x000000000800518c       0x5c Middlewares/Third_Party/FreeRTOS/Source/portable/GCC/ARM_CM4F/port.o
                0x000000000800518c                vPortEnterCritical
 .text.vPortExitCritical
                0x00000000080051e8       0x50 Middlewares/Third_Party/FreeRTOS/Source/portable/GCC/ARM_CM4F/port.o
                0x00000000080051e8                vPortExitCritical
 *fill*         0x0000000008005238        0x8 
 .text.PendSV_Handler
                0x0000000008005240       0x68 Middlewares/Third_Party/FreeRTOS/Source/portable/GCC/ARM_CM4F/port.o
                0x0000000008005240                PendSV_Handler
 .text.SysTick_Handler
                0x00000000080052a8       0x40 Middlewares/Third_Party/FreeRTOS/Source/portable/GCC/ARM_CM4F/port.o
                0x00000000080052a8                SysTick_Handler
 .text.vPortSetupTimerInterrupt
                0x00000000080052e8       0x48 Middlewares/Third_Party/FreeRTOS/Source/portable/GCC/ARM_CM4F/port.o
                0x00000000080052e8                vPortSetupTimerInterrupt
 .text.vPortEnableVFP
                0x0000000008005330       0x14 Middlewares/Third_Party/FreeRTOS/Source/portable/GCC/ARM_CM4F/port.o
 .text.vPortValidateInterruptPriority
                0x0000000008005344       0x7c Middlewares/Third_Party/FreeRTOS/Source/portable/GCC/ARM_CM4F/port.o
                0x0000000008005344                vPortValidateInterruptPriority
 .text.pvPortMalloc
                0x00000000080053c0      0x184 Middlewares/Third_Party/FreeRTOS/Source/portable/MemMang/heap_4.o
                0x00000000080053c0                pvPortMalloc
 .text.vPortFree
                0x0000000008005544       0xb0 Middlewares/Third_Party/FreeRTOS/Source/portable/MemMang/heap_4.o
                0x0000000008005544                vPortFree
 .text.prvHeapInit
                0x00000000080055f4       0xc4 Middlewares/Third_Party/FreeRTOS/Source/portable/MemMang/heap_4.o
 .text.prvInsertBlockIntoFreeList
                0x00000000080056b8       0xb4 Middlewares/Third_Party/FreeRTOS/Source/portable/MemMang/heap_4.o
 .text.__libc_init_array
                0x000000000800576c       0x48 c:/program files (x86)/stmicroelectronics/stm32cubeide_1.4.0/stm32cubeide/plugins/com.st.stm32cube.ide.mcu.externaltools.gnu-tools-for-stm32.7-2018-q2-update.win32_1.4.0.202007081208/tools/bin/../lib/gcc/arm-none-eabi/7.3.1/../../../../arm-none-eabi/lib/thumb/v7e-m/fpv4-sp/hard\libc_nano.a(lib_a-init.o)
                0x000000000800576c                __libc_init_array
 .text.memcmp   0x00000000080057b4       0x1e c:/program files (x86)/stmicroelectronics/stm32cubeide_1.4.0/stm32cubeide/plugins/com.st.stm32cube.ide.mcu.externaltools.gnu-tools-for-stm32.7-2018-q2-update.win32_1.4.0.202007081208/tools/bin/../lib/gcc/arm-none-eabi/7.3.1/../../../../arm-none-eabi/lib/thumb/v7e-m/fpv4-sp/hard\libc_nano.a(lib_a-memcmp.o)
                0x00000000080057b4                memcmp
 .text.memcpy   0x00000000080057d2       0x16 c:/program files (x86)/stmicroelectronics/stm32cubeide_1.4.0/stm32cubeide/plugins/com.st.stm32cube.ide.mcu.externaltools.gnu-tools-for-stm32.7-2018-q2-update.win32_1.4.0.202007081208/tools/bin/../lib/gcc/arm-none-eabi/7.3.1/../../../../arm-none-eabi/lib/thumb/v7e-m/fpv4-sp/hard\libc_nano.a(lib_a-memcpy-stub.o)
                0x00000000080057d2                memcpy
 .text.memmove  0x00000000080057e8       0x32 c:/program files (x86)/stmicroelectronics/stm32cubeide_1.4.0/stm32cubeide/plugins/com.st.stm32cube.ide.mcu.externaltools.gnu-tools-for-stm32.7-2018-q2-update.win32_1.4.0.202007081208/tools/bin/../lib/gcc/arm-none-eabi/7.3.1/../../../../arm-none-eabi/lib/thumb/v7e-m/fpv4-sp/hard\libc_nano.a(lib_a-memmove.o)
                0x00000000080057e8                memmove
 .text.memset   0x000000000800581a       0x10 c:/program files (x86)/stmicroelectronics/stm32cubeide_1.4.0/stm32cubeide/plugins/com.st.stm32cube.ide.mcu.externaltools.gnu-tools-for-stm32.7-2018-q2-update.win32_1.4.0.202007081208/tools/bin/../lib/gcc/arm-none-eabi/7.3.1/../../../../arm-none-eabi/lib/thumb/v7e-m/fpv4-sp/hard\libc_nano.a(lib_a-memset.o)
                0x000000000800581a                memset
 *(.glue_7)
 .glue_7        0x000000000800582a        0x0 linker stubs
 *(.glue_7t)
 .glue_7t       0x000000000800582a        0x0 linker stubs
 *(.eh_frame)
 *fill*         0x000000000800582a        0x2 
 .eh_frame      0x000000000800582c        0x0 c:/program files (x86)/stmicroelectronics/stm32cubeide_1.4.0/stm32cubeide/plugins/com.st.stm32cube.ide.mcu.externaltools.gnu-tools-for-stm32.7-2018-q2-update.win32_1.4.0.202007081208/tools/bin/../lib/gcc/arm-none-eabi/7.3.1/thumb/v7e-m/fpv4-sp/hard/crtbegin.o
 *(.init)
 .init          0x000000000800582c        0x4 c:/program files (x86)/stmicroelectronics/stm32cubeide_1.4.0/stm32cubeide/plugins/com.st.stm32cube.ide.mcu.externaltools.gnu-tools-for-stm32.7-2018-q2-update.win32_1.4.0.202007081208/tools/bin/../lib/gcc/arm-none-eabi/7.3.1/thumb/v7e-m/fpv4-sp/hard/crti.o
                0x000000000800582c                _init
 .init          0x0000000008005830        0x8 c:/program files (x86)/stmicroelectronics/stm32cubeide_1.4.0/stm32cubeide/plugins/com.st.stm32cube.ide.mcu.externaltools.gnu-tools-for-stm32.7-2018-q2-update.win32_1.4.0.202007081208/tools/bin/../lib/gcc/arm-none-eabi/7.3.1/thumb/v7e-m/fpv4-sp/hard/crtn.o
 *(.fini)
 .fini          0x0000000008005838        0x4 c:/program files (x86)/stmicroelectronics/stm32cubeide_1.4.0/stm32cubeide/plugins/com.st.stm32cube.ide.mcu.externaltools.gnu-tools-for-stm32.7-2018-q2-update.win32_1.4.0.202007081208/tools/bin/../lib/gcc/arm-none-eabi/7.3.1/thumb/v7e-m/fpv4-sp/hard/crti.o
                0x0000000008005838                _fini
 .fini          0x000000000800583c        0x8 c:/program files (x86)/stmicroelectronics/stm32cubeide_1.4.0/stm32cubeide/plugins/com.st.stm32cube.ide.mcu.externaltools.gnu-tools-for-stm32.7-2018-q2-update.win32_1.4.0.202007081208/tools/bin/../lib/gcc/arm-none-eabi/7.3.1/thumb/v7e-m/fpv4-sp/hard/crtn.o
                0x0000000008005844                . = ALIGN (0x4)
                0x0000000008005844                _etext = .

.vfp11_veneer   0x0000000008005844        0x0
 .vfp11_veneer  0x0000000008005844        0x0 linker stubs

.v4_bx          0x0000000008005844        0x0
 .v4_bx         0x0000000008005844        0x0 linker stubs

.iplt           0x0000000008005844        0x0
 .iplt          0x0000000008005844        0x0 c:/program files (x86)/stmicroelectronics/stm32cubeide_1.4.0/stm32cubeide/plugins/com.st.stm32cube.ide.mcu.externaltools.gnu-tools-for-stm32.7-2018-q2-update.win32_1.4.0.202007081208/tools/bin/../lib/gcc/arm-none-eabi/7.3.1/thumb/v7e-m/fpv4-sp/hard/crtbegin.o

.rodata         0x0000000008005844       0xac
                0x0000000008005844                . = ALIGN (0x4)
 *(.rodata)
 .rodata        0x0000000008005844       0x7c Core/Src/freertos.o
 .rodata        0x00000000080058c0        0x5 Middlewares/Third_Party/FreeRTOS/Source/tasks.o
 *(.rodata*)
 *fill*         0x00000000080058c5        0x3 
 .rodata.START_OF_PACKET
                0x00000000080058c8        0x2 Core/Src/rbx_decoder.o
                0x00000000080058c8                START_OF_PACKET
 *fill*         0x00000000080058ca        0x2 
 .rodata.AHBPrescTable
                0x00000000080058cc       0x10 Core/Src/system_stm32f4xx.o
                0x00000000080058cc                AHBPrescTable
 .rodata.APBPrescTable
                0x00000000080058dc        0x8 Core/Src/system_stm32f4xx.o
                0x00000000080058dc                APBPrescTable
 .rodata.os_mailQ_def_mail
                0x00000000080058e4        0xc Core/Src/taskCommunication.o
                0x00000000080058e4                os_mailQ_def_mail
                0x00000000080058f0                . = ALIGN (0x4)

.ARM.extab      0x00000000080058f0        0x0
                0x00000000080058f0                . = ALIGN (0x4)
 *(.ARM.extab* .gnu.linkonce.armextab.*)
                0x00000000080058f0                . = ALIGN (0x4)

.ARM            0x00000000080058f0        0x8
                0x00000000080058f0                . = ALIGN (0x4)
                0x00000000080058f0                __exidx_start = .
 *(.ARM.exidx*)
 .ARM.exidx     0x00000000080058f0        0x8 c:/program files (x86)/stmicroelectronics/stm32cubeide_1.4.0/stm32cubeide/plugins/com.st.stm32cube.ide.mcu.externaltools.gnu-tools-for-stm32.7-2018-q2-update.win32_1.4.0.202007081208/tools/bin/../lib/gcc/arm-none-eabi/7.3.1/thumb/v7e-m/fpv4-sp/hard\libgcc.a(_udivmoddi4.o)
                0x00000000080058f8                __exidx_end = .
                0x00000000080058f8                . = ALIGN (0x4)

.rel.dyn        0x00000000080058f8        0x0
 .rel.iplt      0x00000000080058f8        0x0 c:/program files (x86)/stmicroelectronics/stm32cubeide_1.4.0/stm32cubeide/plugins/com.st.stm32cube.ide.mcu.externaltools.gnu-tools-for-stm32.7-2018-q2-update.win32_1.4.0.202007081208/tools/bin/../lib/gcc/arm-none-eabi/7.3.1/thumb/v7e-m/fpv4-sp/hard/crtbegin.o

.preinit_array  0x00000000080058f8        0x0
                0x00000000080058f8                . = ALIGN (0x4)
                0x00000000080058f8                PROVIDE (__preinit_array_start = .)
 *(.preinit_array*)
                0x00000000080058f8                PROVIDE (__preinit_array_end = .)
                0x00000000080058f8                . = ALIGN (0x4)

.init_array     0x00000000080058f8        0x4
                0x00000000080058f8                . = ALIGN (0x4)
                0x00000000080058f8                PROVIDE (__init_array_start = .)
 *(SORT_BY_NAME(.init_array.*))
 *(.init_array*)
 .init_array    0x00000000080058f8        0x4 c:/program files (x86)/stmicroelectronics/stm32cubeide_1.4.0/stm32cubeide/plugins/com.st.stm32cube.ide.mcu.externaltools.gnu-tools-for-stm32.7-2018-q2-update.win32_1.4.0.202007081208/tools/bin/../lib/gcc/arm-none-eabi/7.3.1/thumb/v7e-m/fpv4-sp/hard/crtbegin.o
                0x00000000080058fc                PROVIDE (__init_array_end = .)
                0x00000000080058fc                . = ALIGN (0x4)

.fini_array     0x00000000080058fc        0x4
                0x00000000080058fc                . = ALIGN (0x4)
                [!provide]                        PROVIDE (__fini_array_start = .)
 *(SORT_BY_NAME(.fini_array.*))
 *(.fini_array*)
 .fini_array    0x00000000080058fc        0x4 c:/program files (x86)/stmicroelectronics/stm32cubeide_1.4.0/stm32cubeide/plugins/com.st.stm32cube.ide.mcu.externaltools.gnu-tools-for-stm32.7-2018-q2-update.win32_1.4.0.202007081208/tools/bin/../lib/gcc/arm-none-eabi/7.3.1/thumb/v7e-m/fpv4-sp/hard/crtbegin.o
                [!provide]                        PROVIDE (__fini_array_end = .)
                0x0000000008005900                . = ALIGN (0x4)
                0x0000000008005900                _sidata = LOADADDR (.data)

.data           0x0000000020000000       0x14 load address 0x0000000008005900
                0x0000000020000000                . = ALIGN (0x4)
                0x0000000020000000                _sdata = .
 *(.data)
 *(.data*)
 .data.SystemCoreClock
                0x0000000020000000        0x4 Core/Src/system_stm32f4xx.o
                0x0000000020000000                SystemCoreClock
 .data.g_pump_mode
                0x0000000020000004        0x1 Core/Src/task_bilge_pump.o
                0x0000000020000004                g_pump_mode
 *fill*         0x0000000020000005        0x3 
 .data.uwTickPrio
                0x0000000020000008        0x4 Drivers/STM32F4xx_HAL_Driver/Src/stm32f4xx_hal.o
                0x0000000020000008                uwTickPrio
 .data.uwTickFreq
                0x000000002000000c        0x1 Drivers/STM32F4xx_HAL_Driver/Src/stm32f4xx_hal.o
                0x000000002000000c                uwTickFreq
 *fill*         0x000000002000000d        0x3 
 .data.uxCriticalNesting
                0x0000000020000010        0x4 Middlewares/Third_Party/FreeRTOS/Source/portable/GCC/ARM_CM4F/port.o
                0x0000000020000014                . = ALIGN (0x4)
                0x0000000020000014                _edata = .

.igot.plt       0x0000000020000014        0x0 load address 0x0000000008005914
 .igot.plt      0x0000000020000014        0x0 c:/program files (x86)/stmicroelectronics/stm32cubeide_1.4.0/stm32cubeide/plugins/com.st.stm32cube.ide.mcu.externaltools.gnu-tools-for-stm32.7-2018-q2-update.win32_1.4.0.202007081208/tools/bin/../lib/gcc/arm-none-eabi/7.3.1/thumb/v7e-m/fpv4-sp/hard/crtbegin.o
                0x0000000020000014                . = ALIGN (0x4)

.bss            0x0000000020000014     0x4608 load address 0x0000000008005914
                0x0000000020000014                _sbss = .
                0x0000000020000014                __bss_start__ = _sbss
 *(.bss)
 .bss           0x0000000020000014       0x1c c:/program files (x86)/stmicroelectronics/stm32cubeide_1.4.0/stm32cubeide/plugins/com.st.stm32cube.ide.mcu.externaltools.gnu-tools-for-stm32.7-2018-q2-update.win32_1.4.0.202007081208/tools/bin/../lib/gcc/arm-none-eabi/7.3.1/thumb/v7e-m/fpv4-sp/hard/crtbegin.o
 *(.bss*)
 .bss.xIdleTaskTCBBuffer
                0x0000000020000030       0x54 Core/Src/freertos.o
 .bss.xIdleStack
                0x0000000020000084      0x200 Core/Src/freertos.o
 .bss.m_decoderNextState
                0x0000000020000284        0x1 Core/Src/rbx_decoder.o
 *fill*         0x0000000020000285        0x3 
 .bss.decoded   0x0000000020000288        0x4 Core/Src/rbx_decoder.o
                0x0000000020000288                decoded
 .bss.j.8488    0x000000002000028c        0x1 Core/Src/rbx_decoder.o
 *fill*         0x000000002000028d        0x3 
 .bss.headerArr.8552
                0x0000000020000290        0x2 Core/Src/rbx_decoder.o
 .bss.dataPtr.8555
                0x0000000020000292        0x1 Core/Src/rbx_decoder.o
 *fill*         0x0000000020000293        0x1 
 .bss.crcReceived.8551
                0x0000000020000294        0x2 Core/Src/rbx_decoder.o
 .bss.command.8553
                0x0000000020000296        0x1 Core/Src/rbx_decoder.o
 .bss.dataLen.8554
                0x0000000020000297        0x1 Core/Src/rbx_decoder.o
 .bss.rawDataPtr
                0x0000000020000298        0x1 Core/Src/taskCommunication.o
                0x0000000020000298                rawDataPtr
 *fill*         0x0000000020000299        0x1 
 .bss.data_length
                0x000000002000029a        0x2 Core/Src/uart_interrupt.o
                0x000000002000029a                data_length
 .bss.pxCurrentTCB
                0x000000002000029c        0x4 Middlewares/Third_Party/FreeRTOS/Source/tasks.o
                0x000000002000029c                pxCurrentTCB
 .bss.pxReadyTasksLists
                0x00000000200002a0       0x8c Middlewares/Third_Party/FreeRTOS/Source/tasks.o
 .bss.xDelayedTaskList1
                0x000000002000032c       0x14 Middlewares/Third_Party/FreeRTOS/Source/tasks.o
 .bss.xDelayedTaskList2
                0x0000000020000340       0x14 Middlewares/Third_Party/FreeRTOS/Source/tasks.o
 .bss.pxDelayedTaskList
                0x0000000020000354        0x4 Middlewares/Third_Party/FreeRTOS/Source/tasks.o
 .bss.pxOverflowDelayedTaskList
                0x0000000020000358        0x4 Middlewares/Third_Party/FreeRTOS/Source/tasks.o
 .bss.xPendingReadyList
                0x000000002000035c       0x14 Middlewares/Third_Party/FreeRTOS/Source/tasks.o
 .bss.xTasksWaitingTermination
                0x0000000020000370       0x14 Middlewares/Third_Party/FreeRTOS/Source/tasks.o
 .bss.uxDeletedTasksWaitingCleanUp
                0x0000000020000384        0x4 Middlewares/Third_Party/FreeRTOS/Source/tasks.o
 .bss.xSuspendedTaskList
                0x0000000020000388       0x14 Middlewares/Third_Party/FreeRTOS/Source/tasks.o
 .bss.uxCurrentNumberOfTasks
                0x000000002000039c        0x4 Middlewares/Third_Party/FreeRTOS/Source/tasks.o
 .bss.xTickCount
                0x00000000200003a0        0x4 Middlewares/Third_Party/FreeRTOS/Source/tasks.o
 .bss.uxTopReadyPriority
                0x00000000200003a4        0x4 Middlewares/Third_Party/FreeRTOS/Source/tasks.o
 .bss.xSchedulerRunning
                0x00000000200003a8        0x4 Middlewares/Third_Party/FreeRTOS/Source/tasks.o
 .bss.uxPendedTicks
                0x00000000200003ac        0x4 Middlewares/Third_Party/FreeRTOS/Source/tasks.o
 .bss.xYieldPending
                0x00000000200003b0        0x4 Middlewares/Third_Party/FreeRTOS/Source/tasks.o
 .bss.xNumOfOverflows
                0x00000000200003b4        0x4 Middlewares/Third_Party/FreeRTOS/Source/tasks.o
 .bss.uxTaskNumber
                0x00000000200003b8        0x4 Middlewares/Third_Party/FreeRTOS/Source/tasks.o
 .bss.xNextTaskUnblockTime
                0x00000000200003bc        0x4 Middlewares/Third_Party/FreeRTOS/Source/tasks.o
 .bss.xIdleTaskHandle
                0x00000000200003c0        0x4 Middlewares/Third_Party/FreeRTOS/Source/tasks.o
 .bss.uxSchedulerSuspended
                0x00000000200003c4        0x4 Middlewares/Third_Party/FreeRTOS/Source/tasks.o
 .bss.ucMaxSysCallPriority
                0x00000000200003c8        0x1 Middlewares/Third_Party/FreeRTOS/Source/portable/GCC/ARM_CM4F/port.o
 *fill*         0x00000000200003c9        0x3 
 .bss.ulMaxPRIGROUPValue
                0x00000000200003cc        0x4 Middlewares/Third_Party/FreeRTOS/Source/portable/GCC/ARM_CM4F/port.o
 .bss.ucHeap    0x00000000200003d0     0x3c00 Middlewares/Third_Party/FreeRTOS/Source/portable/MemMang/heap_4.o
 .bss.xStart    0x0000000020003fd0        0x8 Middlewares/Third_Party/FreeRTOS/Source/portable/MemMang/heap_4.o
 .bss.pxEnd     0x0000000020003fd8        0x4 Middlewares/Third_Party/FreeRTOS/Source/portable/MemMang/heap_4.o
 .bss.xFreeBytesRemaining
                0x0000000020003fdc        0x4 Middlewares/Third_Party/FreeRTOS/Source/portable/MemMang/heap_4.o
 .bss.xMinimumEverFreeBytesRemaining
                0x0000000020003fe0        0x4 Middlewares/Third_Party/FreeRTOS/Source/portable/MemMang/heap_4.o
 .bss.xBlockAllocatedBit
                0x0000000020003fe4        0x4 Middlewares/Third_Party/FreeRTOS/Source/portable/MemMang/heap_4.o
 *(COMMON)
 COMMON         0x0000000020003fe8       0x10 Core/Src/freertos.o
                0x0000000020003fe8                TaskCommHandle
                0x0000000020003fec                defaultTaskHandle
                0x0000000020003ff0                task_bilge_pumpHandle
                0x0000000020003ff4                decoder_semHandle
 COMMON         0x0000000020003ff8      0x408 Core/Src/rbx_decoder.o
                0x0000000020003ff8                guard2
                0x00000000200041f8                guard1
                0x00000000200043f8                c1
                0x00000000200043fc                c0
 COMMON         0x0000000020004400       0x40 Core/Src/stm32f4xx_hal_timebase_tim.o
                0x0000000020004400                htim6
 COMMON         0x0000000020004440      0x17c Core/Src/taskCommunication.o
                0x0000000020004440                freeStack_UARTHandle
                0x0000000020004444                os_mailQ_cb_mail
                0x0000000020004448                mail
                0x000000002000444c                freeStack_pidHandle
                0x0000000020004450                ParseBuffer
                0x0000000020004550                freeStack_temperatureHandle
                0x0000000020004554                rawData
                0x00000000200045b8                freeStack_default
 COMMON         0x00000000200045bc       0x19 Core/Src/uart_interrupt.o
                0x00000000200045bc                trash
                0x00000000200045c0                uart_buffer
                0x00000000200045d4                uart_state
 *fill*         0x00000000200045d5        0x3 
 COMMON         0x00000000200045d8       0x40 Core/Src/usart.o
                0x00000000200045d8                huart2
 COMMON         0x0000000020004618        0x4 Drivers/STM32F4xx_HAL_Driver/Src/stm32f4xx_hal.o
                0x0000000020004618                uwTick
                0x000000002000461c                . = ALIGN (0x4)
                0x000000002000461c                _ebss = .
                0x000000002000461c                __bss_end__ = _ebss

._user_heap_stack
                0x000000002000461c      0x604 load address 0x0000000008005914
                0x0000000020004620                . = ALIGN (0x8)
 *fill*         0x000000002000461c        0x4 
                0x0000000020004620                PROVIDE (end = .)
                [!provide]                        PROVIDE (_end = .)
                0x0000000020004820                . = (. + _Min_Heap_Size)
 *fill*         0x0000000020004620      0x200 
                0x0000000020004c20                . = (. + _Min_Stack_Size)
 *fill*         0x0000000020004820      0x400 
                0x0000000020004c20                . = ALIGN (0x8)

/DISCARD/
 libc.a(*)
 libm.a(*)
 libgcc.a(*)

.ARM.attributes
                0x0000000000000000       0x30
 *(.ARM.attributes)
 .ARM.attributes
                0x0000000000000000       0x22 c:/program files (x86)/stmicroelectronics/stm32cubeide_1.4.0/stm32cubeide/plugins/com.st.stm32cube.ide.mcu.externaltools.gnu-tools-for-stm32.7-2018-q2-update.win32_1.4.0.202007081208/tools/bin/../lib/gcc/arm-none-eabi/7.3.1/thumb/v7e-m/fpv4-sp/hard/crti.o
 .ARM.attributes
                0x0000000000000022       0x34 c:/program files (x86)/stmicroelectronics/stm32cubeide_1.4.0/stm32cubeide/plugins/com.st.stm32cube.ide.mcu.externaltools.gnu-tools-for-stm32.7-2018-q2-update.win32_1.4.0.202007081208/tools/bin/../lib/gcc/arm-none-eabi/7.3.1/thumb/v7e-m/fpv4-sp/hard/crtbegin.o
 .ARM.attributes
                0x0000000000000056       0x39 Core/Src/freertos.o
 .ARM.attributes
                0x000000000000008f       0x39 Core/Src/gpio.o
 .ARM.attributes
                0x00000000000000c8       0x39 Core/Src/main.o
 .ARM.attributes
                0x0000000000000101       0x39 Core/Src/rbx_decoder.o
 .ARM.attributes
                0x000000000000013a       0x39 Core/Src/stm32f4xx_hal_msp.o
 .ARM.attributes
                0x0000000000000173       0x39 Core/Src/stm32f4xx_hal_timebase_tim.o
 .ARM.attributes
                0x00000000000001ac       0x39 Core/Src/stm32f4xx_it.o
 .ARM.attributes
                0x00000000000001e5       0x39 Core/Src/system_stm32f4xx.o
 .ARM.attributes
                0x000000000000021e       0x39 Core/Src/taskCommunication.o
 .ARM.attributes
                0x0000000000000257       0x39 Core/Src/task_bilge_pump.o
 .ARM.attributes
                0x0000000000000290       0x39 Core/Src/uart_interrupt.o
 .ARM.attributes
                0x00000000000002c9       0x39 Core/Src/usart.o
 .ARM.attributes
                0x0000000000000302       0x21 Core/Startup/startup_stm32f446retx.o
 .ARM.attributes
                0x0000000000000323       0x39 Drivers/STM32F4xx_HAL_Driver/Src/stm32f4xx_hal.o
 .ARM.attributes
                0x000000000000035c       0x39 Drivers/STM32F4xx_HAL_Driver/Src/stm32f4xx_hal_cortex.o
 .ARM.attributes
                0x0000000000000395       0x39 Drivers/STM32F4xx_HAL_Driver/Src/stm32f4xx_hal_gpio.o
 .ARM.attributes
                0x00000000000003ce       0x39 Drivers/STM32F4xx_HAL_Driver/Src/stm32f4xx_hal_rcc.o
 .ARM.attributes
                0x0000000000000407       0x39 Drivers/STM32F4xx_HAL_Driver/Src/stm32f4xx_hal_rcc_ex.o
 .ARM.attributes
                0x0000000000000440       0x39 Drivers/STM32F4xx_HAL_Driver/Src/stm32f4xx_hal_tim.o
 .ARM.attributes
                0x0000000000000479       0x39 Drivers/STM32F4xx_HAL_Driver/Src/stm32f4xx_hal_tim_ex.o
 .ARM.attributes
                0x00000000000004b2       0x39 Drivers/STM32F4xx_HAL_Driver/Src/stm32f4xx_hal_uart.o
 .ARM.attributes
                0x00000000000004eb       0x39 Middlewares/Third_Party/FreeRTOS/Source/CMSIS_RTOS/cmsis_os.o
 .ARM.attributes
                0x0000000000000524       0x39 Middlewares/Third_Party/FreeRTOS/Source/list.o
 .ARM.attributes
                0x000000000000055d       0x39 Middlewares/Third_Party/FreeRTOS/Source/queue.o
 .ARM.attributes
                0x0000000000000596       0x39 Middlewares/Third_Party/FreeRTOS/Source/tasks.o
 .ARM.attributes
                0x00000000000005cf       0x39 Middlewares/Third_Party/FreeRTOS/Source/portable/GCC/ARM_CM4F/port.o
 .ARM.attributes
                0x0000000000000608       0x39 Middlewares/Third_Party/FreeRTOS/Source/portable/MemMang/heap_4.o
 .ARM.attributes
                0x0000000000000641       0x34 c:/program files (x86)/stmicroelectronics/stm32cubeide_1.4.0/stm32cubeide/plugins/com.st.stm32cube.ide.mcu.externaltools.gnu-tools-for-stm32.7-2018-q2-update.win32_1.4.0.202007081208/tools/bin/../lib/gcc/arm-none-eabi/7.3.1/../../../../arm-none-eabi/lib/thumb/v7e-m/fpv4-sp/hard\libc_nano.a(lib_a-init.o)
 .ARM.attributes
                0x0000000000000675       0x34 c:/program files (x86)/stmicroelectronics/stm32cubeide_1.4.0/stm32cubeide/plugins/com.st.stm32cube.ide.mcu.externaltools.gnu-tools-for-stm32.7-2018-q2-update.win32_1.4.0.202007081208/tools/bin/../lib/gcc/arm-none-eabi/7.3.1/../../../../arm-none-eabi/lib/thumb/v7e-m/fpv4-sp/hard\libc_nano.a(lib_a-memcmp.o)
 .ARM.attributes
                0x00000000000006a9       0x34 c:/program files (x86)/stmicroelectronics/stm32cubeide_1.4.0/stm32cubeide/plugins/com.st.stm32cube.ide.mcu.externaltools.gnu-tools-for-stm32.7-2018-q2-update.win32_1.4.0.202007081208/tools/bin/../lib/gcc/arm-none-eabi/7.3.1/../../../../arm-none-eabi/lib/thumb/v7e-m/fpv4-sp/hard\libc_nano.a(lib_a-memcpy-stub.o)
 .ARM.attributes
                0x00000000000006dd       0x34 c:/program files (x86)/stmicroelectronics/stm32cubeide_1.4.0/stm32cubeide/plugins/com.st.stm32cube.ide.mcu.externaltools.gnu-tools-for-stm32.7-2018-q2-update.win32_1.4.0.202007081208/tools/bin/../lib/gcc/arm-none-eabi/7.3.1/../../../../arm-none-eabi/lib/thumb/v7e-m/fpv4-sp/hard\libc_nano.a(lib_a-memmove.o)
 .ARM.attributes
                0x0000000000000711       0x34 c:/program files (x86)/stmicroelectronics/stm32cubeide_1.4.0/stm32cubeide/plugins/com.st.stm32cube.ide.mcu.externaltools.gnu-tools-for-stm32.7-2018-q2-update.win32_1.4.0.202007081208/tools/bin/../lib/gcc/arm-none-eabi/7.3.1/../../../../arm-none-eabi/lib/thumb/v7e-m/fpv4-sp/hard\libc_nano.a(lib_a-memset.o)
 .ARM.attributes
                0x0000000000000745       0x22 c:/program files (x86)/stmicroelectronics/stm32cubeide_1.4.0/stm32cubeide/plugins/com.st.stm32cube.ide.mcu.externaltools.gnu-tools-for-stm32.7-2018-q2-update.win32_1.4.0.202007081208/tools/bin/../lib/gcc/arm-none-eabi/7.3.1/thumb/v7e-m/fpv4-sp/hard\libgcc.a(_aeabi_uldivmod.o)
 .ARM.attributes
                0x0000000000000767       0x34 c:/program files (x86)/stmicroelectronics/stm32cubeide_1.4.0/stm32cubeide/plugins/com.st.stm32cube.ide.mcu.externaltools.gnu-tools-for-stm32.7-2018-q2-update.win32_1.4.0.202007081208/tools/bin/../lib/gcc/arm-none-eabi/7.3.1/thumb/v7e-m/fpv4-sp/hard\libgcc.a(_udivmoddi4.o)
 .ARM.attributes
                0x000000000000079b       0x22 c:/program files (x86)/stmicroelectronics/stm32cubeide_1.4.0/stm32cubeide/plugins/com.st.stm32cube.ide.mcu.externaltools.gnu-tools-for-stm32.7-2018-q2-update.win32_1.4.0.202007081208/tools/bin/../lib/gcc/arm-none-eabi/7.3.1/thumb/v7e-m/fpv4-sp/hard\libgcc.a(_dvmd_tls.o)
 .ARM.attributes
                0x00000000000007bd       0x22 c:/program files (x86)/stmicroelectronics/stm32cubeide_1.4.0/stm32cubeide/plugins/com.st.stm32cube.ide.mcu.externaltools.gnu-tools-for-stm32.7-2018-q2-update.win32_1.4.0.202007081208/tools/bin/../lib/gcc/arm-none-eabi/7.3.1/thumb/v7e-m/fpv4-sp/hard/crtn.o
OUTPUT(Celka-pompy_zezowe.elf elf32-littlearm)

.debug_info     0x0000000000000000    0x1698a
 .debug_info    0x0000000000000000      0x6eb Core/Src/freertos.o
 .debug_info    0x00000000000006eb      0x4fc Core/Src/gpio.o
 .debug_info    0x0000000000000be7      0xc61 Core/Src/main.o
 .debug_info    0x0000000000001848      0xe30 Core/Src/rbx_decoder.o
 .debug_info    0x0000000000002678      0x5d8 Core/Src/stm32f4xx_hal_msp.o
 .debug_info    0x0000000000002c50      0xb7f Core/Src/stm32f4xx_hal_timebase_tim.o
 .debug_info    0x00000000000037cf      0x8e7 Core/Src/stm32f4xx_it.o
 .debug_info    0x00000000000040b6      0x588 Core/Src/system_stm32f4xx.o
 .debug_info    0x000000000000463e     0x1284 Core/Src/taskCommunication.o
 .debug_info    0x00000000000058c2      0x61a Core/Src/task_bilge_pump.o
 .debug_info    0x0000000000005edc      0x388 Core/Src/uart_interrupt.o
 .debug_info    0x0000000000006264      0xbc0 Core/Src/usart.o
 .debug_info    0x0000000000006e24       0x22 Core/Startup/startup_stm32f446retx.o
 .debug_info    0x0000000000006e46      0x997 Drivers/STM32F4xx_HAL_Driver/Src/stm32f4xx_hal.o
 .debug_info    0x00000000000077dd      0xe46 Drivers/STM32F4xx_HAL_Driver/Src/stm32f4xx_hal_cortex.o
 .debug_info    0x0000000000008623      0x803 Drivers/STM32F4xx_HAL_Driver/Src/stm32f4xx_hal_gpio.o
 .debug_info    0x0000000000008e26      0x944 Drivers/STM32F4xx_HAL_Driver/Src/stm32f4xx_hal_rcc.o
 .debug_info    0x000000000000976a      0x9d5 Drivers/STM32F4xx_HAL_Driver/Src/stm32f4xx_hal_rcc_ex.o
 .debug_info    0x000000000000a13f     0x24a9 Drivers/STM32F4xx_HAL_Driver/Src/stm32f4xx_hal_tim.o
 .debug_info    0x000000000000c5e8     0x1157 Drivers/STM32F4xx_HAL_Driver/Src/stm32f4xx_hal_tim_ex.o
 .debug_info    0x000000000000d73f     0x124c Drivers/STM32F4xx_HAL_Driver/Src/stm32f4xx_hal_uart.o
 .debug_info    0x000000000000e98b     0x1e7e Middlewares/Third_Party/FreeRTOS/Source/CMSIS_RTOS/cmsis_os.o
 .debug_info    0x0000000000010809      0xacb Middlewares/Third_Party/FreeRTOS/Source/list.o
 .debug_info    0x00000000000112d4     0x2105 Middlewares/Third_Party/FreeRTOS/Source/queue.o
 .debug_info    0x00000000000133d9     0x2494 Middlewares/Third_Party/FreeRTOS/Source/tasks.o
 .debug_info    0x000000000001586d      0x533 Middlewares/Third_Party/FreeRTOS/Source/portable/GCC/ARM_CM4F/port.o
 .debug_info    0x0000000000015da0      0xbea Middlewares/Third_Party/FreeRTOS/Source/portable/MemMang/heap_4.o

.debug_abbrev   0x0000000000000000     0x3523
 .debug_abbrev  0x0000000000000000      0x184 Core/Src/freertos.o
 .debug_abbrev  0x0000000000000184      0x134 Core/Src/gpio.o
 .debug_abbrev  0x00000000000002b8      0x1b7 Core/Src/main.o
 .debug_abbrev  0x000000000000046f      0x28d Core/Src/rbx_decoder.o
 .debug_abbrev  0x00000000000006fc      0x112 Core/Src/stm32f4xx_hal_msp.o
 .debug_abbrev  0x000000000000080e      0x19d Core/Src/stm32f4xx_hal_timebase_tim.o
 .debug_abbrev  0x00000000000009ab      0x15a Core/Src/stm32f4xx_it.o
 .debug_abbrev  0x0000000000000b05      0x12b Core/Src/system_stm32f4xx.o
 .debug_abbrev  0x0000000000000c30      0x218 Core/Src/taskCommunication.o
 .debug_abbrev  0x0000000000000e48      0x1e9 Core/Src/task_bilge_pump.o
 .debug_abbrev  0x0000000000001031      0x1bf Core/Src/uart_interrupt.o
 .debug_abbrev  0x00000000000011f0      0x1a2 Core/Src/usart.o
 .debug_abbrev  0x0000000000001392       0x12 Core/Startup/startup_stm32f446retx.o
 .debug_abbrev  0x00000000000013a4      0x1c7 Drivers/STM32F4xx_HAL_Driver/Src/stm32f4xx_hal.o
 .debug_abbrev  0x000000000000156b      0x2fa Drivers/STM32F4xx_HAL_Driver/Src/stm32f4xx_hal_cortex.o
 .debug_abbrev  0x0000000000001865      0x1c9 Drivers/STM32F4xx_HAL_Driver/Src/stm32f4xx_hal_gpio.o
 .debug_abbrev  0x0000000000001a2e      0x245 Drivers/STM32F4xx_HAL_Driver/Src/stm32f4xx_hal_rcc.o
 .debug_abbrev  0x0000000000001c73      0x1bc Drivers/STM32F4xx_HAL_Driver/Src/stm32f4xx_hal_rcc_ex.o
 .debug_abbrev  0x0000000000001e2f      0x230 Drivers/STM32F4xx_HAL_Driver/Src/stm32f4xx_hal_tim.o
 .debug_abbrev  0x000000000000205f      0x21e Drivers/STM32F4xx_HAL_Driver/Src/stm32f4xx_hal_tim_ex.o
 .debug_abbrev  0x000000000000227d      0x242 Drivers/STM32F4xx_HAL_Driver/Src/stm32f4xx_hal_uart.o
 .debug_abbrev  0x00000000000024bf      0x379 Middlewares/Third_Party/FreeRTOS/Source/CMSIS_RTOS/cmsis_os.o
 .debug_abbrev  0x0000000000002838      0x1cf Middlewares/Third_Party/FreeRTOS/Source/list.o
 .debug_abbrev  0x0000000000002a07      0x336 Middlewares/Third_Party/FreeRTOS/Source/queue.o
 .debug_abbrev  0x0000000000002d3d      0x338 Middlewares/Third_Party/FreeRTOS/Source/tasks.o
 .debug_abbrev  0x0000000000003075      0x210 Middlewares/Third_Party/FreeRTOS/Source/portable/GCC/ARM_CM4F/port.o
 .debug_abbrev  0x0000000000003285      0x29e Middlewares/Third_Party/FreeRTOS/Source/portable/MemMang/heap_4.o

.debug_aranges  0x0000000000000000     0x12c8
 .debug_aranges
                0x0000000000000000       0x30 Core/Src/freertos.o
 .debug_aranges
                0x0000000000000030       0x20 Core/Src/gpio.o
 .debug_aranges
                0x0000000000000050       0x38 Core/Src/main.o
 .debug_aranges
                0x0000000000000088       0x80 Core/Src/rbx_decoder.o
 .debug_aranges
                0x0000000000000108       0x20 Core/Src/stm32f4xx_hal_msp.o
 .debug_aranges
                0x0000000000000128       0x30 Core/Src/stm32f4xx_hal_timebase_tim.o
 .debug_aranges
                0x0000000000000158       0x58 Core/Src/stm32f4xx_it.o
 .debug_aranges
                0x00000000000001b0       0x28 Core/Src/system_stm32f4xx.o
 .debug_aranges
                0x00000000000001d8       0x40 Core/Src/taskCommunication.o
 .debug_aranges
                0x0000000000000218       0x38 Core/Src/task_bilge_pump.o
 .debug_aranges
                0x0000000000000250       0x50 Core/Src/uart_interrupt.o
 .debug_aranges
                0x00000000000002a0       0x30 Core/Src/usart.o
 .debug_aranges
                0x00000000000002d0       0x28 Core/Startup/startup_stm32f446retx.o
 .debug_aranges
                0x00000000000002f8       0xf0 Drivers/STM32F4xx_HAL_Driver/Src/stm32f4xx_hal.o
 .debug_aranges
                0x00000000000003e8      0x118 Drivers/STM32F4xx_HAL_Driver/Src/stm32f4xx_hal_cortex.o
 .debug_aranges
                0x0000000000000500       0x58 Drivers/STM32F4xx_HAL_Driver/Src/stm32f4xx_hal_gpio.o
 .debug_aranges
                0x0000000000000558       0x88 Drivers/STM32F4xx_HAL_Driver/Src/stm32f4xx_hal_rcc.o
 .debug_aranges
                0x00000000000005e0       0x78 Drivers/STM32F4xx_HAL_Driver/Src/stm32f4xx_hal_rcc_ex.o
 .debug_aranges
                0x0000000000000658      0x3a8 Drivers/STM32F4xx_HAL_Driver/Src/stm32f4xx_hal_tim.o
 .debug_aranges
                0x0000000000000a00      0x150 Drivers/STM32F4xx_HAL_Driver/Src/stm32f4xx_hal_tim_ex.o
 .debug_aranges
                0x0000000000000b50      0x1d0 Drivers/STM32F4xx_HAL_Driver/Src/stm32f4xx_hal_uart.o
 .debug_aranges
                0x0000000000000d20      0x1d8 Middlewares/Third_Party/FreeRTOS/Source/CMSIS_RTOS/cmsis_os.o
 .debug_aranges
                0x0000000000000ef8       0x40 Middlewares/Third_Party/FreeRTOS/Source/list.o
 .debug_aranges
                0x0000000000000f38      0x118 Middlewares/Third_Party/FreeRTOS/Source/queue.o
 .debug_aranges
                0x0000000000001050      0x1a8 Middlewares/Third_Party/FreeRTOS/Source/tasks.o
 .debug_aranges
                0x00000000000011f8       0x80 Middlewares/Third_Party/FreeRTOS/Source/portable/GCC/ARM_CM4F/port.o
 .debug_aranges
                0x0000000000001278       0x50 Middlewares/Third_Party/FreeRTOS/Source/portable/MemMang/heap_4.o

.debug_ranges   0x0000000000000000     0x1138
 .debug_ranges  0x0000000000000000       0x20 Core/Src/freertos.o
 .debug_ranges  0x0000000000000020       0x10 Core/Src/gpio.o
 .debug_ranges  0x0000000000000030       0x28 Core/Src/main.o
 .debug_ranges  0x0000000000000058       0x70 Core/Src/rbx_decoder.o
 .debug_ranges  0x00000000000000c8       0x10 Core/Src/stm32f4xx_hal_msp.o
 .debug_ranges  0x00000000000000d8       0x20 Core/Src/stm32f4xx_hal_timebase_tim.o
 .debug_ranges  0x00000000000000f8       0x48 Core/Src/stm32f4xx_it.o
 .debug_ranges  0x0000000000000140       0x18 Core/Src/system_stm32f4xx.o
 .debug_ranges  0x0000000000000158       0x48 Core/Src/taskCommunication.o
 .debug_ranges  0x00000000000001a0       0x28 Core/Src/task_bilge_pump.o
 .debug_ranges  0x00000000000001c8       0x40 Core/Src/uart_interrupt.o
 .debug_ranges  0x0000000000000208       0x20 Core/Src/usart.o
 .debug_ranges  0x0000000000000228       0x20 Core/Startup/startup_stm32f446retx.o
 .debug_ranges  0x0000000000000248       0xe0 Drivers/STM32F4xx_HAL_Driver/Src/stm32f4xx_hal.o
 .debug_ranges  0x0000000000000328      0x108 Drivers/STM32F4xx_HAL_Driver/Src/stm32f4xx_hal_cortex.o
 .debug_ranges  0x0000000000000430       0x48 Drivers/STM32F4xx_HAL_Driver/Src/stm32f4xx_hal_gpio.o
 .debug_ranges  0x0000000000000478       0x78 Drivers/STM32F4xx_HAL_Driver/Src/stm32f4xx_hal_rcc.o
 .debug_ranges  0x00000000000004f0       0x68 Drivers/STM32F4xx_HAL_Driver/Src/stm32f4xx_hal_rcc_ex.o
 .debug_ranges  0x0000000000000558      0x398 Drivers/STM32F4xx_HAL_Driver/Src/stm32f4xx_hal_tim.o
 .debug_ranges  0x00000000000008f0      0x140 Drivers/STM32F4xx_HAL_Driver/Src/stm32f4xx_hal_tim_ex.o
 .debug_ranges  0x0000000000000a30      0x1c0 Drivers/STM32F4xx_HAL_Driver/Src/stm32f4xx_hal_uart.o
 .debug_ranges  0x0000000000000bf0      0x1c8 Middlewares/Third_Party/FreeRTOS/Source/CMSIS_RTOS/cmsis_os.o
 .debug_ranges  0x0000000000000db8       0x30 Middlewares/Third_Party/FreeRTOS/Source/list.o
 .debug_ranges  0x0000000000000de8      0x108 Middlewares/Third_Party/FreeRTOS/Source/queue.o
 .debug_ranges  0x0000000000000ef0      0x198 Middlewares/Third_Party/FreeRTOS/Source/tasks.o
 .debug_ranges  0x0000000000001088       0x70 Middlewares/Third_Party/FreeRTOS/Source/portable/GCC/ARM_CM4F/port.o
 .debug_ranges  0x00000000000010f8       0x40 Middlewares/Third_Party/FreeRTOS/Source/portable/MemMang/heap_4.o

.debug_macro    0x0000000000000000    0x2425f
 .debug_macro   0x0000000000000000      0x2b6 Core/Src/freertos.o
 .debug_macro   0x00000000000002b6      0xa5a Core/Src/freertos.o
 .debug_macro   0x0000000000000d10      0x174 Core/Src/freertos.o
 .debug_macro   0x0000000000000e84       0x22 Core/Src/freertos.o
 .debug_macro   0x0000000000000ea6       0x8e Core/Src/freertos.o
 .debug_macro   0x0000000000000f34       0x51 Core/Src/freertos.o
 .debug_macro   0x0000000000000f85       0xef Core/Src/freertos.o
 .debug_macro   0x0000000000001074       0x6a Core/Src/freertos.o
 .debug_macro   0x00000000000010de      0x1df Core/Src/freertos.o
 .debug_macro   0x00000000000012bd       0xf1 Core/Src/freertos.o
 .debug_macro   0x00000000000013ae      0x15a Core/Src/freertos.o
 .debug_macro   0x0000000000001508       0xde Core/Src/freertos.o
 .debug_macro   0x00000000000015e6       0x1c Core/Src/freertos.o
 .debug_macro   0x0000000000001602       0x26 Core/Src/freertos.o
 .debug_macro   0x0000000000001628      0x4e1 Core/Src/freertos.o
 .debug_macro   0x0000000000001b09       0xb5 Core/Src/freertos.o
 .debug_macro   0x0000000000001bbe       0xaa Core/Src/freertos.o
 .debug_macro   0x0000000000001c68      0x18a Core/Src/freertos.o
 .debug_macro   0x0000000000001df2       0x2e Core/Src/freertos.o
 .debug_macro   0x0000000000001e20       0x28 Core/Src/freertos.o
 .debug_macro   0x0000000000001e48       0x1c Core/Src/freertos.o
 .debug_macro   0x0000000000001e64       0x22 Core/Src/freertos.o
 .debug_macro   0x0000000000001e86       0xdf Core/Src/freertos.o
 .debug_macro   0x0000000000001f65     0x102d Core/Src/freertos.o
 .debug_macro   0x0000000000002f92      0x11f Core/Src/freertos.o
 .debug_macro   0x00000000000030b1    0x1672d Core/Src/freertos.o
 .debug_macro   0x00000000000197de       0x43 Core/Src/freertos.o
 .debug_macro   0x0000000000019821     0x3659 Core/Src/freertos.o
 .debug_macro   0x000000000001ce7a       0x5a Core/Src/freertos.o
 .debug_macro   0x000000000001ced4      0xc90 Core/Src/freertos.o
 .debug_macro   0x000000000001db64      0x9fe Core/Src/freertos.o
 .debug_macro   0x000000000001e562      0x16d Core/Src/freertos.o
 .debug_macro   0x000000000001e6cf      0x117 Core/Src/freertos.o
 .debug_macro   0x000000000001e7e6      0x1a0 Core/Src/freertos.o
 .debug_macro   0x000000000001e986       0x27 Core/Src/freertos.o
 .debug_macro   0x000000000001e9ad      0x287 Core/Src/freertos.o
 .debug_macro   0x000000000001ec34       0x5f Core/Src/freertos.o
 .debug_macro   0x000000000001ec93      0x236 Core/Src/freertos.o
 .debug_macro   0x000000000001eec9      0x132 Core/Src/freertos.o
 .debug_macro   0x000000000001effb      0x29c Core/Src/freertos.o
 .debug_macro   0x000000000001f297       0x2e Core/Src/freertos.o
 .debug_macro   0x000000000001f2c5      0x11a Core/Src/freertos.o
 .debug_macro   0x000000000001f3df       0xe8 Core/Src/freertos.o
 .debug_macro   0x000000000001f4c7       0x89 Core/Src/freertos.o
 .debug_macro   0x000000000001f550      0x8a0 Core/Src/freertos.o
 .debug_macro   0x000000000001fdf0       0x4d Core/Src/freertos.o
 .debug_macro   0x000000000001fe3d      0x287 Core/Src/freertos.o
 .debug_macro   0x00000000000200c4      0x126 Core/Src/freertos.o
 .debug_macro   0x00000000000201ea       0x70 Core/Src/freertos.o
 .debug_macro   0x000000000002025a       0x91 Core/Src/freertos.o
 .debug_macro   0x00000000000202eb       0x8d Core/Src/freertos.o
 .debug_macro   0x0000000000020378       0x7e Core/Src/freertos.o
 .debug_macro   0x00000000000203f6       0x19 Core/Src/freertos.o
 .debug_macro   0x000000000002040f       0xf2 Core/Src/freertos.o
 .debug_macro   0x0000000000020501       0x10 Core/Src/freertos.o
 .debug_macro   0x0000000000020511       0x46 Core/Src/freertos.o
 .debug_macro   0x0000000000020557      0x1e7 Core/Src/gpio.o
 .debug_macro   0x000000000002073e      0x2a8 Core/Src/main.o
 .debug_macro   0x00000000000209e6       0xf1 Core/Src/main.o
 .debug_macro   0x0000000000020ad7      0x2b6 Core/Src/rbx_decoder.o
 .debug_macro   0x0000000000020d8d       0x22 Core/Src/rbx_decoder.o
 .debug_macro   0x0000000000020daf       0x10 Core/Src/rbx_decoder.o
 .debug_macro   0x0000000000020dbf       0x46 Core/Src/rbx_decoder.o
 .debug_macro   0x0000000000020e05       0x18 Core/Src/rbx_decoder.o
 .debug_macro   0x0000000000020e1d       0x3c Core/Src/rbx_decoder.o
 .debug_macro   0x0000000000020e59       0x34 Core/Src/rbx_decoder.o
 .debug_macro   0x0000000000020e8d       0x52 Core/Src/rbx_decoder.o
 .debug_macro   0x0000000000020edf       0x1f Core/Src/rbx_decoder.o
 .debug_macro   0x0000000000020efe       0x43 Core/Src/rbx_decoder.o
 .debug_macro   0x0000000000020f41       0x20 Core/Src/rbx_decoder.o
 .debug_macro   0x0000000000020f61      0x1a3 Core/Src/rbx_decoder.o
 .debug_macro   0x0000000000021104      0x32a Core/Src/rbx_decoder.o
 .debug_macro   0x000000000002142e       0x10 Core/Src/rbx_decoder.o
 .debug_macro   0x000000000002143e       0x35 Core/Src/rbx_decoder.o
 .debug_macro   0x0000000000021473       0x20 Core/Src/rbx_decoder.o
 .debug_macro   0x0000000000021493      0x1dd Core/Src/stm32f4xx_hal_msp.o
 .debug_macro   0x0000000000021670      0x1ce Core/Src/stm32f4xx_hal_timebase_tim.o
 .debug_macro   0x000000000002183e      0x263 Core/Src/stm32f4xx_it.o
 .debug_macro   0x0000000000021aa1      0x1d4 Core/Src/system_stm32f4xx.o
 .debug_macro   0x0000000000021c75      0x3aa Core/Src/taskCommunication.o
 .debug_macro   0x000000000002201f       0x10 Core/Src/taskCommunication.o
 .debug_macro   0x000000000002202f      0x29f Core/Src/task_bilge_pump.o
 .debug_macro   0x00000000000222ce      0x1f3 Core/Src/uart_interrupt.o
 .debug_macro   0x00000000000224c1      0x1e7 Core/Src/usart.o
 .debug_macro   0x00000000000226a8      0x22e Drivers/STM32F4xx_HAL_Driver/Src/stm32f4xx_hal.o
 .debug_macro   0x00000000000228d6      0x1ce Drivers/STM32F4xx_HAL_Driver/Src/stm32f4xx_hal_cortex.o
 .debug_macro   0x0000000000022aa4      0x204 Drivers/STM32F4xx_HAL_Driver/Src/stm32f4xx_hal_gpio.o
 .debug_macro   0x0000000000022ca8      0x1f2 Drivers/STM32F4xx_HAL_Driver/Src/stm32f4xx_hal_rcc.o
 .debug_macro   0x0000000000022e9a      0x1ce Drivers/STM32F4xx_HAL_Driver/Src/stm32f4xx_hal_rcc_ex.o
 .debug_macro   0x0000000000023068      0x1cf Drivers/STM32F4xx_HAL_Driver/Src/stm32f4xx_hal_tim.o
 .debug_macro   0x0000000000023237      0x1ce Drivers/STM32F4xx_HAL_Driver/Src/stm32f4xx_hal_tim_ex.o
 .debug_macro   0x0000000000023405      0x1cf Drivers/STM32F4xx_HAL_Driver/Src/stm32f4xx_hal_uart.o
 .debug_macro   0x00000000000235d4      0x1f1 Middlewares/Third_Party/FreeRTOS/Source/CMSIS_RTOS/cmsis_os.o
 .debug_macro   0x00000000000237c5       0xc7 Middlewares/Third_Party/FreeRTOS/Source/CMSIS_RTOS/cmsis_os.o
 .debug_macro   0x000000000002388c      0x17a Middlewares/Third_Party/FreeRTOS/Source/list.o
 .debug_macro   0x0000000000023a06      0x209 Middlewares/Third_Party/FreeRTOS/Source/queue.o
 .debug_macro   0x0000000000023c0f       0x16 Middlewares/Third_Party/FreeRTOS/Source/queue.o
 .debug_macro   0x0000000000023c25       0x87 Middlewares/Third_Party/FreeRTOS/Source/queue.o
 .debug_macro   0x0000000000023cac      0x26c Middlewares/Third_Party/FreeRTOS/Source/tasks.o
 .debug_macro   0x0000000000023f18       0x10 Middlewares/Third_Party/FreeRTOS/Source/tasks.o
 .debug_macro   0x0000000000023f28      0x196 Middlewares/Third_Party/FreeRTOS/Source/portable/GCC/ARM_CM4F/port.o
 .debug_macro   0x00000000000240be      0x1a1 Middlewares/Third_Party/FreeRTOS/Source/portable/MemMang/heap_4.o

.debug_line     0x0000000000000000    0x125fc
 .debug_line    0x0000000000000000      0x9c6 Core/Src/freertos.o
 .debug_line    0x00000000000009c6      0x7e7 Core/Src/gpio.o
 .debug_line    0x00000000000011ad      0x9b6 Core/Src/main.o
 .debug_line    0x0000000000001b63      0xa9c Core/Src/rbx_decoder.o
 .debug_line    0x00000000000025ff      0x7df Core/Src/stm32f4xx_hal_msp.o
 .debug_line    0x0000000000002dde      0x812 Core/Src/stm32f4xx_hal_timebase_tim.o
 .debug_line    0x00000000000035f0      0x98a Core/Src/stm32f4xx_it.o
 .debug_line    0x0000000000003f7a      0x7f9 Core/Src/system_stm32f4xx.o
 .debug_line    0x0000000000004773      0xbbc Core/Src/taskCommunication.o
 .debug_line    0x000000000000532f      0xa19 Core/Src/task_bilge_pump.o
 .debug_line    0x0000000000005d48      0x887 Core/Src/uart_interrupt.o
 .debug_line    0x00000000000065cf      0x815 Core/Src/usart.o
 .debug_line    0x0000000000006de4       0x85 Core/Startup/startup_stm32f446retx.o
 .debug_line    0x0000000000006e69      0x9e3 Drivers/STM32F4xx_HAL_Driver/Src/stm32f4xx_hal.o
 .debug_line    0x000000000000784c      0xb07 Drivers/STM32F4xx_HAL_Driver/Src/stm32f4xx_hal_cortex.o
 .debug_line    0x0000000000008353      0x9ae Drivers/STM32F4xx_HAL_Driver/Src/stm32f4xx_hal_gpio.o
 .debug_line    0x0000000000008d01      0xa3b Drivers/STM32F4xx_HAL_Driver/Src/stm32f4xx_hal_rcc.o
 .debug_line    0x000000000000973c      0xbcc Drivers/STM32F4xx_HAL_Driver/Src/stm32f4xx_hal_rcc_ex.o
 .debug_line    0x000000000000a308     0x1a5c Drivers/STM32F4xx_HAL_Driver/Src/stm32f4xx_hal_tim.o
 .debug_line    0x000000000000bd64      0xdf9 Drivers/STM32F4xx_HAL_Driver/Src/stm32f4xx_hal_tim_ex.o
 .debug_line    0x000000000000cb5d     0x10f1 Drivers/STM32F4xx_HAL_Driver/Src/stm32f4xx_hal_uart.o
 .debug_line    0x000000000000dc4e      0xe01 Middlewares/Third_Party/FreeRTOS/Source/CMSIS_RTOS/cmsis_os.o
 .debug_line    0x000000000000ea4f      0x7ad Middlewares/Third_Party/FreeRTOS/Source/list.o
 .debug_line    0x000000000000f1fc     0x1139 Middlewares/Third_Party/FreeRTOS/Source/queue.o
 .debug_line    0x0000000000010335     0x1274 Middlewares/Third_Party/FreeRTOS/Source/tasks.o
 .debug_line    0x00000000000115a9      0x7c0 Middlewares/Third_Party/FreeRTOS/Source/portable/GCC/ARM_CM4F/port.o
 .debug_line    0x0000000000011d69      0x893 Middlewares/Third_Party/FreeRTOS/Source/portable/MemMang/heap_4.o

.debug_str      0x0000000000000000    0xd7788
 .debug_str     0x0000000000000000    0xcdb13 Core/Src/freertos.o
                                      0xcde31 (size before relaxing)
 .debug_str     0x00000000000cdb13      0x1d1 Core/Src/gpio.o
                                      0xc7a6f (size before relaxing)
 .debug_str     0x00000000000cdce4      0x710 Core/Src/main.o
                                      0xce032 (size before relaxing)
 .debug_str     0x00000000000ce3f4     0x3182 Core/Src/rbx_decoder.o
                                      0xcaaa1 (size before relaxing)
 .debug_str     0x00000000000d1576      0x52e Core/Src/stm32f4xx_hal_msp.o
                                      0xc7f03 (size before relaxing)
 .debug_str     0x00000000000d1aa4       0xaa Core/Src/stm32f4xx_hal_timebase_tim.o
                                      0xc8288 (size before relaxing)
 .debug_str     0x00000000000d1b4e       0xdd Core/Src/stm32f4xx_it.o
                                      0xcbc91 (size before relaxing)
 .debug_str     0x00000000000d1c2b       0xc4 Core/Src/system_stm32f4xx.o
                                      0xc78d1 (size before relaxing)
 .debug_str     0x00000000000d1cef      0x341 Core/Src/taskCommunication.o
                                      0xd120a (size before relaxing)
 .debug_str     0x00000000000d2030      0x1e1 Core/Src/task_bilge_pump.o
                                      0xcdd8f (size before relaxing)
 .debug_str     0x00000000000d2211       0xf9 Core/Src/uart_interrupt.o
                                      0xc79d4 (size before relaxing)
 .debug_str     0x00000000000d230a       0x57 Core/Src/usart.o
                                      0xc83de (size before relaxing)
 .debug_str     0x00000000000d2361       0x36 Core/Startup/startup_stm32f446retx.o
                                         0x75 (size before relaxing)
 .debug_str     0x00000000000d2397      0x542 Drivers/STM32F4xx_HAL_Driver/Src/stm32f4xx_hal.o
                                      0xc83df (size before relaxing)
 .debug_str     0x00000000000d28d9      0x389 Drivers/STM32F4xx_HAL_Driver/Src/stm32f4xx_hal_cortex.o
                                      0xc81a9 (size before relaxing)
 .debug_str     0x00000000000d2c62      0x207 Drivers/STM32F4xx_HAL_Driver/Src/stm32f4xx_hal_gpio.o
                                      0xc7b10 (size before relaxing)
 .debug_str     0x00000000000d2e69      0x24f Drivers/STM32F4xx_HAL_Driver/Src/stm32f4xx_hal_rcc.o
                                      0xc7cc3 (size before relaxing)
 .debug_str     0x00000000000d30b8      0x324 Drivers/STM32F4xx_HAL_Driver/Src/stm32f4xx_hal_rcc_ex.o
                                      0xc7d15 (size before relaxing)
 .debug_str     0x00000000000d33dc      0xd6f Drivers/STM32F4xx_HAL_Driver/Src/stm32f4xx_hal_tim.o
                                      0xc89b8 (size before relaxing)
 .debug_str     0x00000000000d414b      0x4ec Drivers/STM32F4xx_HAL_Driver/Src/stm32f4xx_hal_tim_ex.o
                                      0xc81b8 (size before relaxing)
 .debug_str     0x00000000000d4637      0x51c Drivers/STM32F4xx_HAL_Driver/Src/stm32f4xx_hal_uart.o
                                      0xc80f8 (size before relaxing)
 .debug_str     0x00000000000d4b53      0x64d Middlewares/Third_Party/FreeRTOS/Source/CMSIS_RTOS/cmsis_os.o
                                       0xe13d (size before relaxing)
 .debug_str     0x00000000000d51a0      0x219 Middlewares/Third_Party/FreeRTOS/Source/list.o
                                       0xa76f (size before relaxing)
 .debug_str     0x00000000000d53b9      0x858 Middlewares/Third_Party/FreeRTOS/Source/queue.o
                                       0xbfb7 (size before relaxing)
 .debug_str     0x00000000000d5c11     0x111a Middlewares/Third_Party/FreeRTOS/Source/tasks.o
                                       0xc990 (size before relaxing)
 .debug_str     0x00000000000d6d2b      0x803 Middlewares/Third_Party/FreeRTOS/Source/portable/GCC/ARM_CM4F/port.o
                                       0x8538 (size before relaxing)
 .debug_str     0x00000000000d752e      0x25a Middlewares/Third_Party/FreeRTOS/Source/portable/MemMang/heap_4.o
                                       0xaf62 (size before relaxing)

.comment        0x0000000000000000       0x7b
 .comment       0x0000000000000000       0x7b Core/Src/freertos.o
                                         0x7c (size before relaxing)
 .comment       0x000000000000007b       0x7c Core/Src/gpio.o
 .comment       0x000000000000007b       0x7c Core/Src/main.o
 .comment       0x000000000000007b       0x7c Core/Src/rbx_decoder.o
 .comment       0x000000000000007b       0x7c Core/Src/stm32f4xx_hal_msp.o
 .comment       0x000000000000007b       0x7c Core/Src/stm32f4xx_hal_timebase_tim.o
 .comment       0x000000000000007b       0x7c Core/Src/stm32f4xx_it.o
 .comment       0x000000000000007b       0x7c Core/Src/system_stm32f4xx.o
 .comment       0x000000000000007b       0x7c Core/Src/taskCommunication.o
 .comment       0x000000000000007b       0x7c Core/Src/task_bilge_pump.o
 .comment       0x000000000000007b       0x7c Core/Src/uart_interrupt.o
 .comment       0x000000000000007b       0x7c Core/Src/usart.o
 .comment       0x000000000000007b       0x7c Drivers/STM32F4xx_HAL_Driver/Src/stm32f4xx_hal.o
 .comment       0x000000000000007b       0x7c Drivers/STM32F4xx_HAL_Driver/Src/stm32f4xx_hal_cortex.o
 .comment       0x000000000000007b       0x7c Drivers/STM32F4xx_HAL_Driver/Src/stm32f4xx_hal_gpio.o
 .comment       0x000000000000007b       0x7c Drivers/STM32F4xx_HAL_Driver/Src/stm32f4xx_hal_rcc.o
 .comment       0x000000000000007b       0x7c Drivers/STM32F4xx_HAL_Driver/Src/stm32f4xx_hal_rcc_ex.o
 .comment       0x000000000000007b       0x7c Drivers/STM32F4xx_HAL_Driver/Src/stm32f4xx_hal_tim.o
 .comment       0x000000000000007b       0x7c Drivers/STM32F4xx_HAL_Driver/Src/stm32f4xx_hal_tim_ex.o
 .comment       0x000000000000007b       0x7c Drivers/STM32F4xx_HAL_Driver/Src/stm32f4xx_hal_uart.o
 .comment       0x000000000000007b       0x7c Middlewares/Third_Party/FreeRTOS/Source/CMSIS_RTOS/cmsis_os.o
 .comment       0x000000000000007b       0x7c Middlewares/Third_Party/FreeRTOS/Source/list.o
 .comment       0x000000000000007b       0x7c Middlewares/Third_Party/FreeRTOS/Source/queue.o
 .comment       0x000000000000007b       0x7c Middlewares/Third_Party/FreeRTOS/Source/tasks.o
 .comment       0x000000000000007b       0x7c Middlewares/Third_Party/FreeRTOS/Source/portable/GCC/ARM_CM4F/port.o
 .comment       0x000000000000007b       0x7c Middlewares/Third_Party/FreeRTOS/Source/portable/MemMang/heap_4.o

.debug_frame    0x0000000000000000     0x4ccc
 .debug_frame   0x0000000000000000       0x80 Core/Src/freertos.o
 .debug_frame   0x0000000000000080       0x34 Core/Src/gpio.o
 .debug_frame   0x00000000000000b4       0x94 Core/Src/main.o
 .debug_frame   0x0000000000000148      0x1f4 Core/Src/rbx_decoder.o
 .debug_frame   0x000000000000033c       0x34 Core/Src/stm32f4xx_hal_msp.o
 .debug_frame   0x0000000000000370       0x74 Core/Src/stm32f4xx_hal_timebase_tim.o
 .debug_frame   0x00000000000003e4       0xe8 Core/Src/stm32f4xx_it.o
 .debug_frame   0x00000000000004cc       0x58 Core/Src/system_stm32f4xx.o
 .debug_frame   0x0000000000000524       0xc4 Core/Src/taskCommunication.o
 .debug_frame   0x00000000000005e8       0xa8 Core/Src/task_bilge_pump.o
 .debug_frame   0x0000000000000690      0x108 Core/Src/uart_interrupt.o
 .debug_frame   0x0000000000000798       0x74 Core/Src/usart.o
 .debug_frame   0x000000000000080c      0x374 Drivers/STM32F4xx_HAL_Driver/Src/stm32f4xx_hal.o
 .debug_frame   0x0000000000000b80      0x498 Drivers/STM32F4xx_HAL_Driver/Src/stm32f4xx_hal_cortex.o
 .debug_frame   0x0000000000001018      0x14c Drivers/STM32F4xx_HAL_Driver/Src/stm32f4xx_hal_gpio.o
 .debug_frame   0x0000000000001164      0x1f0 Drivers/STM32F4xx_HAL_Driver/Src/stm32f4xx_hal_rcc.o
 .debug_frame   0x0000000000001354      0x1e0 Drivers/STM32F4xx_HAL_Driver/Src/stm32f4xx_hal_rcc_ex.o
 .debug_frame   0x0000000000001534     0x10f0 Drivers/STM32F4xx_HAL_Driver/Src/stm32f4xx_hal_tim.o
 .debug_frame   0x0000000000002624      0x5c0 Drivers/STM32F4xx_HAL_Driver/Src/stm32f4xx_hal_tim_ex.o
 .debug_frame   0x0000000000002be4      0x844 Drivers/STM32F4xx_HAL_Driver/Src/stm32f4xx_hal_uart.o
 .debug_frame   0x0000000000003428      0x80c Middlewares/Third_Party/FreeRTOS/Source/CMSIS_RTOS/cmsis_os.o
 .debug_frame   0x0000000000003c34       0xd8 Middlewares/Third_Party/FreeRTOS/Source/list.o